   1               		.file	"powerlog.c"
   2               	__SREG__ = 0x3f
   3               	__SP_H__ = 0x3e
   4               	__SP_L__ = 0x3d
   5               	__CCP__  = 0x34
   6               	__tmp_reg__ = 0
   7               	__zero_reg__ = 1
   9               		.text
  10               	.Ltext0:
 104               	.global	delay_us
 106               	delay_us:
   1:powerlog.c    **** //#define __AVR_ATmega644P__
   2:powerlog.c    **** 
   3:powerlog.c    **** #define BAUD_0 4800		
   4:powerlog.c    **** #define BAUD_RATE_0 F_CPU/16/BAUD_0-1
   5:powerlog.c    **** 
   6:powerlog.c    **** #define BAUD_1 115200		
   7:powerlog.c    **** #define BAUD_RATE_1 F_CPU/16/BAUD_1-1
   8:powerlog.c    **** 
   9:powerlog.c    **** 
  10:powerlog.c    **** #define TIMER_CYCLE_US 1000000/(F_CPU/1024)
  11:powerlog.c    **** 
  12:powerlog.c    **** // F_CPU is set to 1 000 000 Hz (in makefile)
  13:powerlog.c    **** 
  14:powerlog.c    **** #include <stdlib.h>
  15:powerlog.c    **** #include <avr/io.h>
  16:powerlog.c    **** #include <util/delay.h>
  17:powerlog.c    **** #include <avr/pgmspace.h>
  18:powerlog.c    **** #include <inttypes.h>
  19:powerlog.c    **** #include <avr/interrupt.h>
  20:powerlog.c    **** #include <stdio.h>
  21:powerlog.c    **** 
  22:powerlog.c    **** #include "uart.h"
  23:powerlog.c    **** #include "powerlog.h"
  24:powerlog.c    **** #include "globals.h"
  25:powerlog.c    **** #include "rfm22.h"
  26:powerlog.c    **** #include "hdlc.h"
  27:powerlog.c    **** 
  28:powerlog.c    **** #include "adc.h"
  29:powerlog.c    ****  
  30:powerlog.c    **** 
  31:powerlog.c    **** 
  32:powerlog.c    **** 
  33:powerlog.c    **** 
  34:powerlog.c    **** /* WDR() compiles to an assembler instruction. Watch Dog reset */
  35:powerlog.c    **** #define WDR()  __asm__ __volatile__ ("wdr" ::)
  36:powerlog.c    **** 
  37:powerlog.c    **** 
  38:powerlog.c    **** 
  39:powerlog.c    **** 
  40:powerlog.c    **** /*volatile BYTE var = 0x00; 
  41:powerlog.c    **** volatile BYTE button_detect = 0x00;
  42:powerlog.c    **** volatile BYTE button_detect_3 = 0x00;
  43:powerlog.c    **** 
  44:powerlog.c    **** volatile BYTE timer_tick_detect = 0;
  45:powerlog.c    **** */
  46:powerlog.c    **** 
  47:powerlog.c    **** static FILE mystdout = FDEV_SETUP_STREAM(uart_putchar, NULL, _FDEV_SETUP_WRITE);
  48:powerlog.c    **** 
  49:powerlog.c    **** 
  50:powerlog.c    **** 
  51:powerlog.c    **** //General short delays
  52:powerlog.c    **** //general short delays
  53:powerlog.c    **** //Uses internal timer do a fairly accurate 1us
  54:powerlog.c    **** //Because we are using 16MHz and a prescaler of 8 on Timer0, we have to double x
  55:powerlog.c    **** void delay_us(uint16_t x)
  56:powerlog.c    **** {
 107               	LM0-.LFBB1
 108               	.LM0:
 109               	.LFBB1:
 110 0000 AF92      		push r10
 111 0002 BF92      		push r11
 112 0004 CF92      		push r12
 113 0006 DF92      		push r13
 114 0008 EF92      		push r14
 115 000a FF92      		push r15
 116 000c 0F93      		push r16
 117 000e 1F93      		push r17
 118               	/* prologue: function */
 119               	/* frame size = 0 */
  57:powerlog.c    **** 	
  58:powerlog.c    **** 	_delay_us(x);
 120               	58,.LM1-.LFBB1
 121               	.LM1:
 122 0010 A0E0      		ldi r26,lo8(0)
 123 0012 B0E0      		ldi r27,hi8(0)
 124 0014 BC01      		movw r22,r24
 125 0016 CD01      		movw r24,r26
 126 0018 0E94 0000 		call __floatunsisf
 127 001c 5B01      		movw r10,r22
 128 001e 6C01      		movw r12,r24
 129               	.LBB24:
 130               	.LBB25:
 132               	.Ltext1:
   1:c:/winavr-20100110/lib/gcc/../../avr/include/util/delay.h **** /* Copyright (c) 2002, Marek Michalkiewicz
   2:c:/winavr-20100110/lib/gcc/../../avr/include/util/delay.h ****    Copyright (c) 2004,2005,2007 Joerg Wunsch
   3:c:/winavr-20100110/lib/gcc/../../avr/include/util/delay.h ****    Copyright (c) 2007  Florin-Viorel Petrov
   4:c:/winavr-20100110/lib/gcc/../../avr/include/util/delay.h ****    All rights reserved.
   5:c:/winavr-20100110/lib/gcc/../../avr/include/util/delay.h **** 
   6:c:/winavr-20100110/lib/gcc/../../avr/include/util/delay.h ****    Redistribution and use in source and binary forms, with or without
   7:c:/winavr-20100110/lib/gcc/../../avr/include/util/delay.h ****    modification, are permitted provided that the following conditions are met:
   8:c:/winavr-20100110/lib/gcc/../../avr/include/util/delay.h **** 
   9:c:/winavr-20100110/lib/gcc/../../avr/include/util/delay.h ****    * Redistributions of source code must retain the above copyright
  10:c:/winavr-20100110/lib/gcc/../../avr/include/util/delay.h ****      notice, this list of conditions and the following disclaimer.
  11:c:/winavr-20100110/lib/gcc/../../avr/include/util/delay.h **** 
  12:c:/winavr-20100110/lib/gcc/../../avr/include/util/delay.h ****    * Redistributions in binary form must reproduce the above copyright
  13:c:/winavr-20100110/lib/gcc/../../avr/include/util/delay.h ****      notice, this list of conditions and the following disclaimer in
  14:c:/winavr-20100110/lib/gcc/../../avr/include/util/delay.h ****      the documentation and/or other materials provided with the
  15:c:/winavr-20100110/lib/gcc/../../avr/include/util/delay.h ****      distribution.
  16:c:/winavr-20100110/lib/gcc/../../avr/include/util/delay.h **** 
  17:c:/winavr-20100110/lib/gcc/../../avr/include/util/delay.h ****    * Neither the name of the copyright holders nor the names of
  18:c:/winavr-20100110/lib/gcc/../../avr/include/util/delay.h ****      contributors may be used to endorse or promote products derived
  19:c:/winavr-20100110/lib/gcc/../../avr/include/util/delay.h ****      from this software without specific prior written permission.
  20:c:/winavr-20100110/lib/gcc/../../avr/include/util/delay.h **** 
  21:c:/winavr-20100110/lib/gcc/../../avr/include/util/delay.h ****   THIS SOFTWARE IS PROVIDED BY THE COPYRIGHT HOLDERS AND CONTRIBUTORS "AS IS"
  22:c:/winavr-20100110/lib/gcc/../../avr/include/util/delay.h ****   AND ANY EXPRESS OR IMPLIED WARRANTIES, INCLUDING, BUT NOT LIMITED TO, THE
  23:c:/winavr-20100110/lib/gcc/../../avr/include/util/delay.h ****   IMPLIED WARRANTIES OF MERCHANTABILITY AND FITNESS FOR A PARTICULAR PURPOSE
  24:c:/winavr-20100110/lib/gcc/../../avr/include/util/delay.h ****   ARE DISCLAIMED. IN NO EVENT SHALL THE COPYRIGHT OWNER OR CONTRIBUTORS BE
  25:c:/winavr-20100110/lib/gcc/../../avr/include/util/delay.h ****   LIABLE FOR ANY DIRECT, INDIRECT, INCIDENTAL, SPECIAL, EXEMPLARY, OR
  26:c:/winavr-20100110/lib/gcc/../../avr/include/util/delay.h ****   CONSEQUENTIAL DAMAGES (INCLUDING, BUT NOT LIMITED TO, PROCUREMENT OF
  27:c:/winavr-20100110/lib/gcc/../../avr/include/util/delay.h ****   SUBSTITUTE GOODS OR SERVICES; LOSS OF USE, DATA, OR PROFITS; OR BUSINESS
  28:c:/winavr-20100110/lib/gcc/../../avr/include/util/delay.h ****   INTERRUPTION) HOWEVER CAUSED AND ON ANY THEORY OF LIABILITY, WHETHER IN
  29:c:/winavr-20100110/lib/gcc/../../avr/include/util/delay.h ****   CONTRACT, STRICT LIABILITY, OR TORT (INCLUDING NEGLIGENCE OR OTHERWISE)
  30:c:/winavr-20100110/lib/gcc/../../avr/include/util/delay.h ****   ARISING IN ANY WAY OUT OF THE USE OF THIS SOFTWARE, EVEN IF ADVISED OF THE
  31:c:/winavr-20100110/lib/gcc/../../avr/include/util/delay.h ****   POSSIBILITY OF SUCH DAMAGE. */
  32:c:/winavr-20100110/lib/gcc/../../avr/include/util/delay.h **** 
  33:c:/winavr-20100110/lib/gcc/../../avr/include/util/delay.h **** /* $Id: delay.h,v 1.5.2.1 2009/02/25 10:14:03 joerg_wunsch Exp $ */
  34:c:/winavr-20100110/lib/gcc/../../avr/include/util/delay.h **** 
  35:c:/winavr-20100110/lib/gcc/../../avr/include/util/delay.h **** #ifndef _UTIL_DELAY_H_
  36:c:/winavr-20100110/lib/gcc/../../avr/include/util/delay.h **** #define _UTIL_DELAY_H_ 1
  37:c:/winavr-20100110/lib/gcc/../../avr/include/util/delay.h **** 
  38:c:/winavr-20100110/lib/gcc/../../avr/include/util/delay.h **** #include <inttypes.h>
  39:c:/winavr-20100110/lib/gcc/../../avr/include/util/delay.h **** #include <util/delay_basic.h>
  40:c:/winavr-20100110/lib/gcc/../../avr/include/util/delay.h **** 
  41:c:/winavr-20100110/lib/gcc/../../avr/include/util/delay.h **** /** \file */
  42:c:/winavr-20100110/lib/gcc/../../avr/include/util/delay.h **** /** \defgroup util_delay <util/delay.h>: Convenience functions for busy-wait delay loops
  43:c:/winavr-20100110/lib/gcc/../../avr/include/util/delay.h ****     \code
  44:c:/winavr-20100110/lib/gcc/../../avr/include/util/delay.h ****     #define F_CPU 1000000UL  // 1 MHz
  45:c:/winavr-20100110/lib/gcc/../../avr/include/util/delay.h ****     //#define F_CPU 14.7456E6
  46:c:/winavr-20100110/lib/gcc/../../avr/include/util/delay.h ****     #include <util/delay.h>
  47:c:/winavr-20100110/lib/gcc/../../avr/include/util/delay.h ****     \endcode
  48:c:/winavr-20100110/lib/gcc/../../avr/include/util/delay.h **** 
  49:c:/winavr-20100110/lib/gcc/../../avr/include/util/delay.h ****     \note As an alternative method, it is possible to pass the
  50:c:/winavr-20100110/lib/gcc/../../avr/include/util/delay.h ****     F_CPU macro down to the compiler from the Makefile.
  51:c:/winavr-20100110/lib/gcc/../../avr/include/util/delay.h ****     Obviously, in that case, no \c \#define statement should be
  52:c:/winavr-20100110/lib/gcc/../../avr/include/util/delay.h ****     used.
  53:c:/winavr-20100110/lib/gcc/../../avr/include/util/delay.h **** 
  54:c:/winavr-20100110/lib/gcc/../../avr/include/util/delay.h ****     The functions in this header file are wrappers around the basic
  55:c:/winavr-20100110/lib/gcc/../../avr/include/util/delay.h ****     busy-wait functions from <util/delay_basic.h>.  They are meant as
  56:c:/winavr-20100110/lib/gcc/../../avr/include/util/delay.h ****     convenience functions where actual time values can be specified
  57:c:/winavr-20100110/lib/gcc/../../avr/include/util/delay.h ****     rather than a number of cycles to wait for.  The idea behind is
  58:c:/winavr-20100110/lib/gcc/../../avr/include/util/delay.h ****     that compile-time constant expressions will be eliminated by
  59:c:/winavr-20100110/lib/gcc/../../avr/include/util/delay.h ****     compiler optimization so floating-point expressions can be used
  60:c:/winavr-20100110/lib/gcc/../../avr/include/util/delay.h ****     to calculate the number of delay cycles needed based on the CPU
  61:c:/winavr-20100110/lib/gcc/../../avr/include/util/delay.h ****     frequency passed by the macro F_CPU.
  62:c:/winavr-20100110/lib/gcc/../../avr/include/util/delay.h **** 
  63:c:/winavr-20100110/lib/gcc/../../avr/include/util/delay.h ****     \note In order for these functions to work as intended, compiler
  64:c:/winavr-20100110/lib/gcc/../../avr/include/util/delay.h ****     optimizations <em>must</em> be enabled, and the delay time
  65:c:/winavr-20100110/lib/gcc/../../avr/include/util/delay.h ****     <em>must</em> be an expression that is a known constant at
  66:c:/winavr-20100110/lib/gcc/../../avr/include/util/delay.h ****     compile-time.  If these requirements are not met, the resulting
  67:c:/winavr-20100110/lib/gcc/../../avr/include/util/delay.h ****     delay will be much longer (and basically unpredictable), and
  68:c:/winavr-20100110/lib/gcc/../../avr/include/util/delay.h ****     applications that otherwise do not use floating-point calculations
  69:c:/winavr-20100110/lib/gcc/../../avr/include/util/delay.h ****     will experience severe code bloat by the floating-point library
  70:c:/winavr-20100110/lib/gcc/../../avr/include/util/delay.h ****     routines linked into the application.
  71:c:/winavr-20100110/lib/gcc/../../avr/include/util/delay.h **** 
  72:c:/winavr-20100110/lib/gcc/../../avr/include/util/delay.h ****     The functions available allow the specification of microsecond, and
  73:c:/winavr-20100110/lib/gcc/../../avr/include/util/delay.h ****     millisecond delays directly, using the application-supplied macro
  74:c:/winavr-20100110/lib/gcc/../../avr/include/util/delay.h ****     F_CPU as the CPU clock frequency (in Hertz).
  75:c:/winavr-20100110/lib/gcc/../../avr/include/util/delay.h **** 
  76:c:/winavr-20100110/lib/gcc/../../avr/include/util/delay.h **** */
  77:c:/winavr-20100110/lib/gcc/../../avr/include/util/delay.h **** 
  78:c:/winavr-20100110/lib/gcc/../../avr/include/util/delay.h **** #if !defined(__DOXYGEN__)
  79:c:/winavr-20100110/lib/gcc/../../avr/include/util/delay.h **** static inline void _delay_us(double __us) __attribute__((always_inline));
  80:c:/winavr-20100110/lib/gcc/../../avr/include/util/delay.h **** static inline void _delay_ms(double __ms) __attribute__((always_inline));
  81:c:/winavr-20100110/lib/gcc/../../avr/include/util/delay.h **** #endif
  82:c:/winavr-20100110/lib/gcc/../../avr/include/util/delay.h **** 
  83:c:/winavr-20100110/lib/gcc/../../avr/include/util/delay.h **** #ifndef F_CPU
  84:c:/winavr-20100110/lib/gcc/../../avr/include/util/delay.h **** /* prevent compiler error by supplying a default */
  85:c:/winavr-20100110/lib/gcc/../../avr/include/util/delay.h **** # warning "F_CPU not defined for <util/delay.h>"
  86:c:/winavr-20100110/lib/gcc/../../avr/include/util/delay.h **** # define F_CPU 1000000UL
  87:c:/winavr-20100110/lib/gcc/../../avr/include/util/delay.h **** #endif
  88:c:/winavr-20100110/lib/gcc/../../avr/include/util/delay.h **** 
  89:c:/winavr-20100110/lib/gcc/../../avr/include/util/delay.h **** #ifndef __OPTIMIZE__
  90:c:/winavr-20100110/lib/gcc/../../avr/include/util/delay.h **** # warning "Compiler optimizations disabled; functions from <util/delay.h> won't work as designed"
  91:c:/winavr-20100110/lib/gcc/../../avr/include/util/delay.h **** #endif
  92:c:/winavr-20100110/lib/gcc/../../avr/include/util/delay.h **** 
  93:c:/winavr-20100110/lib/gcc/../../avr/include/util/delay.h **** /**
  94:c:/winavr-20100110/lib/gcc/../../avr/include/util/delay.h ****    \ingroup util_delay
  95:c:/winavr-20100110/lib/gcc/../../avr/include/util/delay.h **** 
  96:c:/winavr-20100110/lib/gcc/../../avr/include/util/delay.h ****    Perform a delay of \c __ms milliseconds, using _delay_loop_2().
  97:c:/winavr-20100110/lib/gcc/../../avr/include/util/delay.h **** 
  98:c:/winavr-20100110/lib/gcc/../../avr/include/util/delay.h ****    The macro F_CPU is supposed to be defined to a
  99:c:/winavr-20100110/lib/gcc/../../avr/include/util/delay.h ****    constant defining the CPU clock frequency (in Hertz).
 100:c:/winavr-20100110/lib/gcc/../../avr/include/util/delay.h **** 
 101:c:/winavr-20100110/lib/gcc/../../avr/include/util/delay.h ****    The maximal possible delay is 262.14 ms / F_CPU in MHz.
 102:c:/winavr-20100110/lib/gcc/../../avr/include/util/delay.h **** 
 103:c:/winavr-20100110/lib/gcc/../../avr/include/util/delay.h ****    When the user request delay which exceed the maximum possible one,
 104:c:/winavr-20100110/lib/gcc/../../avr/include/util/delay.h ****    _delay_ms() provides a decreased resolution functionality. In this
 105:c:/winavr-20100110/lib/gcc/../../avr/include/util/delay.h ****    mode _delay_ms() will work with a resolution of 1/10 ms, providing
 106:c:/winavr-20100110/lib/gcc/../../avr/include/util/delay.h ****    delays up to 6.5535 seconds (independent from CPU frequency).  The
 107:c:/winavr-20100110/lib/gcc/../../avr/include/util/delay.h ****    user will not be informed about decreased resolution.
 108:c:/winavr-20100110/lib/gcc/../../avr/include/util/delay.h ****  */
 109:c:/winavr-20100110/lib/gcc/../../avr/include/util/delay.h **** void
 110:c:/winavr-20100110/lib/gcc/../../avr/include/util/delay.h **** _delay_ms(double __ms)
 111:c:/winavr-20100110/lib/gcc/../../avr/include/util/delay.h **** {
 112:c:/winavr-20100110/lib/gcc/../../avr/include/util/delay.h **** 	uint16_t __ticks;
 113:c:/winavr-20100110/lib/gcc/../../avr/include/util/delay.h **** 	double __tmp = ((F_CPU) / 4e3) * __ms;
 114:c:/winavr-20100110/lib/gcc/../../avr/include/util/delay.h **** 	if (__tmp < 1.0)
 115:c:/winavr-20100110/lib/gcc/../../avr/include/util/delay.h **** 		__ticks = 1;
 116:c:/winavr-20100110/lib/gcc/../../avr/include/util/delay.h **** 	else if (__tmp > 65535)
 117:c:/winavr-20100110/lib/gcc/../../avr/include/util/delay.h **** 	{
 118:c:/winavr-20100110/lib/gcc/../../avr/include/util/delay.h **** 		//	__ticks = requested delay in 1/10 ms
 119:c:/winavr-20100110/lib/gcc/../../avr/include/util/delay.h **** 		__ticks = (uint16_t) (__ms * 10.0);
 120:c:/winavr-20100110/lib/gcc/../../avr/include/util/delay.h **** 		while(__ticks)
 121:c:/winavr-20100110/lib/gcc/../../avr/include/util/delay.h **** 		{
 122:c:/winavr-20100110/lib/gcc/../../avr/include/util/delay.h **** 			// wait 1/10 ms
 123:c:/winavr-20100110/lib/gcc/../../avr/include/util/delay.h **** 			_delay_loop_2(((F_CPU) / 4e3) / 10);
 124:c:/winavr-20100110/lib/gcc/../../avr/include/util/delay.h **** 			__ticks --;
 125:c:/winavr-20100110/lib/gcc/../../avr/include/util/delay.h **** 		}
 126:c:/winavr-20100110/lib/gcc/../../avr/include/util/delay.h **** 		return;
 127:c:/winavr-20100110/lib/gcc/../../avr/include/util/delay.h **** 	}
 128:c:/winavr-20100110/lib/gcc/../../avr/include/util/delay.h **** 	else
 129:c:/winavr-20100110/lib/gcc/../../avr/include/util/delay.h **** 		__ticks = (uint16_t)__tmp;
 130:c:/winavr-20100110/lib/gcc/../../avr/include/util/delay.h **** 	_delay_loop_2(__ticks);
 131:c:/winavr-20100110/lib/gcc/../../avr/include/util/delay.h **** }
 132:c:/winavr-20100110/lib/gcc/../../avr/include/util/delay.h **** 
 133:c:/winavr-20100110/lib/gcc/../../avr/include/util/delay.h **** /**
 134:c:/winavr-20100110/lib/gcc/../../avr/include/util/delay.h ****    \ingroup util_delay
 135:c:/winavr-20100110/lib/gcc/../../avr/include/util/delay.h **** 
 136:c:/winavr-20100110/lib/gcc/../../avr/include/util/delay.h ****    Perform a delay of \c __us microseconds, using _delay_loop_1().
 137:c:/winavr-20100110/lib/gcc/../../avr/include/util/delay.h **** 
 138:c:/winavr-20100110/lib/gcc/../../avr/include/util/delay.h ****    The macro F_CPU is supposed to be defined to a
 139:c:/winavr-20100110/lib/gcc/../../avr/include/util/delay.h ****    constant defining the CPU clock frequency (in Hertz).
 140:c:/winavr-20100110/lib/gcc/../../avr/include/util/delay.h **** 
 141:c:/winavr-20100110/lib/gcc/../../avr/include/util/delay.h ****    The maximal possible delay is 768 us / F_CPU in MHz.
 142:c:/winavr-20100110/lib/gcc/../../avr/include/util/delay.h **** 
 143:c:/winavr-20100110/lib/gcc/../../avr/include/util/delay.h ****    If the user requests a delay greater than the maximal possible one,
 144:c:/winavr-20100110/lib/gcc/../../avr/include/util/delay.h ****    _delay_us() will automatically call _delay_ms() instead.  The user
 145:c:/winavr-20100110/lib/gcc/../../avr/include/util/delay.h ****    will not be informed about this case.
 146:c:/winavr-20100110/lib/gcc/../../avr/include/util/delay.h ****  */
 147:c:/winavr-20100110/lib/gcc/../../avr/include/util/delay.h **** void
 148:c:/winavr-20100110/lib/gcc/../../avr/include/util/delay.h **** _delay_us(double __us)
 149:c:/winavr-20100110/lib/gcc/../../avr/include/util/delay.h **** {
 150:c:/winavr-20100110/lib/gcc/../../avr/include/util/delay.h **** 	uint8_t __ticks;
 151:c:/winavr-20100110/lib/gcc/../../avr/include/util/delay.h **** 	double __tmp = ((F_CPU) / 3e6) * __us;
 133               	151,.LM2-.LFBB1
 134               	.LM2:
 135 0020 2BEA      		ldi r18,lo8(0x3eaaaaab)
 136 0022 3AEA      		ldi r19,hi8(0x3eaaaaab)
 137 0024 4AEA      		ldi r20,hlo8(0x3eaaaaab)
 138 0026 5EE3      		ldi r21,hhi8(0x3eaaaaab)
 139 0028 0E94 0000 		call __mulsf3
 140 002c 7B01      		movw r14,r22
 141 002e 8C01      		movw r16,r24
 152:c:/winavr-20100110/lib/gcc/../../avr/include/util/delay.h **** 	if (__tmp < 1.0)
 142               	8,0,152,.LM3-.LFBB1
 143               	.LM3:
 144 0030 20E0      		ldi r18,lo8(0x3f800000)
 145 0032 30E0      		ldi r19,hi8(0x3f800000)
 146 0034 40E8      		ldi r20,hlo8(0x3f800000)
 147 0036 5FE3      		ldi r21,hhi8(0x3f800000)
 148 0038 0E94 0000 		call __ltsf2
 149 003c 8823      		tst r24
 150 003e 04F4      		brge .L21
 151 0040 61E0      		ldi r22,lo8(1)
 152 0042 00C0      		rjmp .L4
 153               	.L21:
 153:c:/winavr-20100110/lib/gcc/../../avr/include/util/delay.h **** 		__ticks = 1;
 154:c:/winavr-20100110/lib/gcc/../../avr/include/util/delay.h **** 	else if (__tmp > 255)
 154               	,154,.LM4-.LFBB1
 155               	.LM4:
 156 0044 C801      		movw r24,r16
 157 0046 B701      		movw r22,r14
 158 0048 20E0      		ldi r18,lo8(0x437f0000)
 159 004a 30E0      		ldi r19,hi8(0x437f0000)
 160 004c 4FE7      		ldi r20,hlo8(0x437f0000)
 161 004e 53E4      		ldi r21,hhi8(0x437f0000)
 162 0050 0E94 0000 		call __gtsf2
 163 0054 1816      		cp __zero_reg__,r24
 164 0056 04F0      		brlt .+2
 165 0058 00C0      		rjmp .L22
 155:c:/winavr-20100110/lib/gcc/../../avr/include/util/delay.h **** 	{
 156:c:/winavr-20100110/lib/gcc/../../avr/include/util/delay.h **** 		_delay_ms(__us / 1000.0);
 166               	,156,.LM5-.LFBB1
 167               	.LM5:
 168 005a C601      		movw r24,r12
 169 005c B501      		movw r22,r10
 170 005e 20E0      		ldi r18,lo8(0x447a0000)
 171 0060 30E0      		ldi r19,hi8(0x447a0000)
 172 0062 4AE7      		ldi r20,hlo8(0x447a0000)
 173 0064 54E4      		ldi r21,hhi8(0x447a0000)
 174 0066 0E94 0000 		call __divsf3
 175 006a 5B01      		movw r10,r22
 176 006c 6C01      		movw r12,r24
 177               	.LBB26:
 178               	.LBB27:
 180               	.LM6:
 181 006e 20E0      		ldi r18,lo8(0x437a0000)
 182 0070 30E0      		ldi r19,hi8(0x437a0000)
 183 0072 4AE7      		ldi r20,hlo8(0x437a0000)
 184 0074 53E4      		ldi r21,hhi8(0x437a0000)
 185 0076 0E94 0000 		call __mulsf3
 186 007a 7B01      		movw r14,r22
 187 007c 8C01      		movw r16,r24
 189               	.LM7:
 190 007e 20E0      		ldi r18,lo8(0x3f800000)
 191 0080 30E0      		ldi r19,hi8(0x3f800000)
 192 0082 40E8      		ldi r20,hlo8(0x3f800000)
 193 0084 5FE3      		ldi r21,hhi8(0x3f800000)
 194 0086 0E94 0000 		call __ltsf2
 195 008a 8823      		tst r24
 196 008c 04F4      		brge .L23
 197 008e 61E0      		ldi r22,lo8(1)
 198 0090 70E0      		ldi r23,hi8(1)
 199 0092 00C0      		rjmp .L9
 200               	.L23:
 202               	.LM8:
 203 0094 C801      		movw r24,r16
 204 0096 B701      		movw r22,r14
 205 0098 20E0      		ldi r18,lo8(0x477fff00)
 206 009a 3FEF      		ldi r19,hi8(0x477fff00)
 207 009c 4FE7      		ldi r20,hlo8(0x477fff00)
 208 009e 57E4      		ldi r21,hhi8(0x477fff00)
 209 00a0 0E94 0000 		call __gtsf2
 210 00a4 1816      		cp __zero_reg__,r24
 211 00a6 04F4      		brge .L24
 213               	.LM9:
 214 00a8 C601      		movw r24,r12
 215 00aa B501      		movw r22,r10
 216 00ac 20E0      		ldi r18,lo8(0x41200000)
 217 00ae 30E0      		ldi r19,hi8(0x41200000)
 218 00b0 40E2      		ldi r20,hlo8(0x41200000)
 219 00b2 51E4      		ldi r21,hhi8(0x41200000)
 220 00b4 0E94 0000 		call __mulsf3
 221 00b8 0E94 0000 		call __fixunssfsi
 222 00bc CB01      		movw r24,r22
 224               	.LM10:
 225 00be 672B      		or r22,r23
 226 00c0 01F0      		breq .L14
 227               	.LBB28:
 228               	.LBB29:
 230               	.Ltext2:
   1:c:/winavr-20100110/lib/gcc/../../avr/include/util/delay_basic.h **** /* Copyright (c) 2002, Marek Michalkiewicz
   2:c:/winavr-20100110/lib/gcc/../../avr/include/util/delay_basic.h ****    Copyright (c) 2007 Joerg Wunsch
   3:c:/winavr-20100110/lib/gcc/../../avr/include/util/delay_basic.h ****    All rights reserved.
   4:c:/winavr-20100110/lib/gcc/../../avr/include/util/delay_basic.h **** 
   5:c:/winavr-20100110/lib/gcc/../../avr/include/util/delay_basic.h ****    Redistribution and use in source and binary forms, with or without
   6:c:/winavr-20100110/lib/gcc/../../avr/include/util/delay_basic.h ****    modification, are permitted provided that the following conditions are met:
   7:c:/winavr-20100110/lib/gcc/../../avr/include/util/delay_basic.h **** 
   8:c:/winavr-20100110/lib/gcc/../../avr/include/util/delay_basic.h ****    * Redistributions of source code must retain the above copyright
   9:c:/winavr-20100110/lib/gcc/../../avr/include/util/delay_basic.h ****      notice, this list of conditions and the following disclaimer.
  10:c:/winavr-20100110/lib/gcc/../../avr/include/util/delay_basic.h **** 
  11:c:/winavr-20100110/lib/gcc/../../avr/include/util/delay_basic.h ****    * Redistributions in binary form must reproduce the above copyright
  12:c:/winavr-20100110/lib/gcc/../../avr/include/util/delay_basic.h ****      notice, this list of conditions and the following disclaimer in
  13:c:/winavr-20100110/lib/gcc/../../avr/include/util/delay_basic.h ****      the documentation and/or other materials provided with the
  14:c:/winavr-20100110/lib/gcc/../../avr/include/util/delay_basic.h ****      distribution.
  15:c:/winavr-20100110/lib/gcc/../../avr/include/util/delay_basic.h **** 
  16:c:/winavr-20100110/lib/gcc/../../avr/include/util/delay_basic.h ****    * Neither the name of the copyright holders nor the names of
  17:c:/winavr-20100110/lib/gcc/../../avr/include/util/delay_basic.h ****      contributors may be used to endorse or promote products derived
  18:c:/winavr-20100110/lib/gcc/../../avr/include/util/delay_basic.h ****      from this software without specific prior written permission.
  19:c:/winavr-20100110/lib/gcc/../../avr/include/util/delay_basic.h **** 
  20:c:/winavr-20100110/lib/gcc/../../avr/include/util/delay_basic.h ****   THIS SOFTWARE IS PROVIDED BY THE COPYRIGHT HOLDERS AND CONTRIBUTORS "AS IS"
  21:c:/winavr-20100110/lib/gcc/../../avr/include/util/delay_basic.h ****   AND ANY EXPRESS OR IMPLIED WARRANTIES, INCLUDING, BUT NOT LIMITED TO, THE
  22:c:/winavr-20100110/lib/gcc/../../avr/include/util/delay_basic.h ****   IMPLIED WARRANTIES OF MERCHANTABILITY AND FITNESS FOR A PARTICULAR PURPOSE
  23:c:/winavr-20100110/lib/gcc/../../avr/include/util/delay_basic.h ****   ARE DISCLAIMED. IN NO EVENT SHALL THE COPYRIGHT OWNER OR CONTRIBUTORS BE
  24:c:/winavr-20100110/lib/gcc/../../avr/include/util/delay_basic.h ****   LIABLE FOR ANY DIRECT, INDIRECT, INCIDENTAL, SPECIAL, EXEMPLARY, OR
  25:c:/winavr-20100110/lib/gcc/../../avr/include/util/delay_basic.h ****   CONSEQUENTIAL DAMAGES (INCLUDING, BUT NOT LIMITED TO, PROCUREMENT OF
  26:c:/winavr-20100110/lib/gcc/../../avr/include/util/delay_basic.h ****   SUBSTITUTE GOODS OR SERVICES; LOSS OF USE, DATA, OR PROFITS; OR BUSINESS
  27:c:/winavr-20100110/lib/gcc/../../avr/include/util/delay_basic.h ****   INTERRUPTION) HOWEVER CAUSED AND ON ANY THEORY OF LIABILITY, WHETHER IN
  28:c:/winavr-20100110/lib/gcc/../../avr/include/util/delay_basic.h ****   CONTRACT, STRICT LIABILITY, OR TORT (INCLUDING NEGLIGENCE OR OTHERWISE)
  29:c:/winavr-20100110/lib/gcc/../../avr/include/util/delay_basic.h ****   ARISING IN ANY WAY OUT OF THE USE OF THIS SOFTWARE, EVEN IF ADVISED OF THE
  30:c:/winavr-20100110/lib/gcc/../../avr/include/util/delay_basic.h ****   POSSIBILITY OF SUCH DAMAGE. */
  31:c:/winavr-20100110/lib/gcc/../../avr/include/util/delay_basic.h **** 
  32:c:/winavr-20100110/lib/gcc/../../avr/include/util/delay_basic.h **** /* $Id: delay_basic.h,v 1.1 2007/05/13 21:23:20 joerg_wunsch Exp $ */
  33:c:/winavr-20100110/lib/gcc/../../avr/include/util/delay_basic.h **** 
  34:c:/winavr-20100110/lib/gcc/../../avr/include/util/delay_basic.h **** #ifndef _UTIL_DELAY_BASIC_H_
  35:c:/winavr-20100110/lib/gcc/../../avr/include/util/delay_basic.h **** #define _UTIL_DELAY_BASIC_H_ 1
  36:c:/winavr-20100110/lib/gcc/../../avr/include/util/delay_basic.h **** 
  37:c:/winavr-20100110/lib/gcc/../../avr/include/util/delay_basic.h **** #include <inttypes.h>
  38:c:/winavr-20100110/lib/gcc/../../avr/include/util/delay_basic.h **** 
  39:c:/winavr-20100110/lib/gcc/../../avr/include/util/delay_basic.h **** /** \file */
  40:c:/winavr-20100110/lib/gcc/../../avr/include/util/delay_basic.h **** /** \defgroup util_delay_basic <util/delay_basic.h>: Basic busy-wait delay loops
  41:c:/winavr-20100110/lib/gcc/../../avr/include/util/delay_basic.h ****     \code
  42:c:/winavr-20100110/lib/gcc/../../avr/include/util/delay_basic.h ****     #include <util/delay_basic.h>
  43:c:/winavr-20100110/lib/gcc/../../avr/include/util/delay_basic.h ****     \endcode
  44:c:/winavr-20100110/lib/gcc/../../avr/include/util/delay_basic.h **** 
  45:c:/winavr-20100110/lib/gcc/../../avr/include/util/delay_basic.h ****     The functions in this header file implement simple delay loops
  46:c:/winavr-20100110/lib/gcc/../../avr/include/util/delay_basic.h ****     that perform a busy-waiting.  They are typically used to
  47:c:/winavr-20100110/lib/gcc/../../avr/include/util/delay_basic.h ****     facilitate short delays in the program execution.  They are
  48:c:/winavr-20100110/lib/gcc/../../avr/include/util/delay_basic.h ****     implemented as count-down loops with a well-known CPU cycle
  49:c:/winavr-20100110/lib/gcc/../../avr/include/util/delay_basic.h ****     count per loop iteration.  As such, no other processing can
  50:c:/winavr-20100110/lib/gcc/../../avr/include/util/delay_basic.h ****     occur simultaneously.  It should be kept in mind that the
  51:c:/winavr-20100110/lib/gcc/../../avr/include/util/delay_basic.h ****     functions described here do not disable interrupts.
  52:c:/winavr-20100110/lib/gcc/../../avr/include/util/delay_basic.h **** 
  53:c:/winavr-20100110/lib/gcc/../../avr/include/util/delay_basic.h ****     In general, for long delays, the use of hardware timers is
  54:c:/winavr-20100110/lib/gcc/../../avr/include/util/delay_basic.h ****     much preferrable, as they free the CPU, and allow for
  55:c:/winavr-20100110/lib/gcc/../../avr/include/util/delay_basic.h ****     concurrent processing of other events while the timer is
  56:c:/winavr-20100110/lib/gcc/../../avr/include/util/delay_basic.h ****     running.  However, in particular for very short delays, the
  57:c:/winavr-20100110/lib/gcc/../../avr/include/util/delay_basic.h ****     overhead of setting up a hardware timer is too much compared
  58:c:/winavr-20100110/lib/gcc/../../avr/include/util/delay_basic.h ****     to the overall delay time.
  59:c:/winavr-20100110/lib/gcc/../../avr/include/util/delay_basic.h **** 
  60:c:/winavr-20100110/lib/gcc/../../avr/include/util/delay_basic.h ****     Two inline functions are provided for the actual delay algorithms.
  61:c:/winavr-20100110/lib/gcc/../../avr/include/util/delay_basic.h **** 
  62:c:/winavr-20100110/lib/gcc/../../avr/include/util/delay_basic.h **** */
  63:c:/winavr-20100110/lib/gcc/../../avr/include/util/delay_basic.h **** 
  64:c:/winavr-20100110/lib/gcc/../../avr/include/util/delay_basic.h **** #if !defined(__DOXYGEN__)
  65:c:/winavr-20100110/lib/gcc/../../avr/include/util/delay_basic.h **** static inline void _delay_loop_1(uint8_t __count) __attribute__((always_inline));
  66:c:/winavr-20100110/lib/gcc/../../avr/include/util/delay_basic.h **** static inline void _delay_loop_2(uint16_t __count) __attribute__((always_inline));
  67:c:/winavr-20100110/lib/gcc/../../avr/include/util/delay_basic.h **** #endif
  68:c:/winavr-20100110/lib/gcc/../../avr/include/util/delay_basic.h **** 
  69:c:/winavr-20100110/lib/gcc/../../avr/include/util/delay_basic.h **** /** \ingroup util_delay_basic
  70:c:/winavr-20100110/lib/gcc/../../avr/include/util/delay_basic.h **** 
  71:c:/winavr-20100110/lib/gcc/../../avr/include/util/delay_basic.h ****     Delay loop using an 8-bit counter \c __count, so up to 256
  72:c:/winavr-20100110/lib/gcc/../../avr/include/util/delay_basic.h ****     iterations are possible.  (The value 256 would have to be passed
  73:c:/winavr-20100110/lib/gcc/../../avr/include/util/delay_basic.h ****     as 0.)  The loop executes three CPU cycles per iteration, not
  74:c:/winavr-20100110/lib/gcc/../../avr/include/util/delay_basic.h ****     including the overhead the compiler needs to setup the counter
  75:c:/winavr-20100110/lib/gcc/../../avr/include/util/delay_basic.h ****     register.
  76:c:/winavr-20100110/lib/gcc/../../avr/include/util/delay_basic.h **** 
  77:c:/winavr-20100110/lib/gcc/../../avr/include/util/delay_basic.h ****     Thus, at a CPU speed of 1 MHz, delays of up to 768 microseconds
  78:c:/winavr-20100110/lib/gcc/../../avr/include/util/delay_basic.h ****     can be achieved.
  79:c:/winavr-20100110/lib/gcc/../../avr/include/util/delay_basic.h **** */
  80:c:/winavr-20100110/lib/gcc/../../avr/include/util/delay_basic.h **** void
  81:c:/winavr-20100110/lib/gcc/../../avr/include/util/delay_basic.h **** _delay_loop_1(uint8_t __count)
  82:c:/winavr-20100110/lib/gcc/../../avr/include/util/delay_basic.h **** {
  83:c:/winavr-20100110/lib/gcc/../../avr/include/util/delay_basic.h **** 	__asm__ volatile (
  84:c:/winavr-20100110/lib/gcc/../../avr/include/util/delay_basic.h **** 		"1: dec %0" "\n\t"
  85:c:/winavr-20100110/lib/gcc/../../avr/include/util/delay_basic.h **** 		"brne 1b"
  86:c:/winavr-20100110/lib/gcc/../../avr/include/util/delay_basic.h **** 		: "=r" (__count)
  87:c:/winavr-20100110/lib/gcc/../../avr/include/util/delay_basic.h **** 		: "0" (__count)
  88:c:/winavr-20100110/lib/gcc/../../avr/include/util/delay_basic.h **** 	);
  89:c:/winavr-20100110/lib/gcc/../../avr/include/util/delay_basic.h **** }
  90:c:/winavr-20100110/lib/gcc/../../avr/include/util/delay_basic.h **** 
  91:c:/winavr-20100110/lib/gcc/../../avr/include/util/delay_basic.h **** /** \ingroup util_delay_basic
  92:c:/winavr-20100110/lib/gcc/../../avr/include/util/delay_basic.h **** 
  93:c:/winavr-20100110/lib/gcc/../../avr/include/util/delay_basic.h ****     Delay loop using a 16-bit counter \c __count, so up to 65536
  94:c:/winavr-20100110/lib/gcc/../../avr/include/util/delay_basic.h ****     iterations are possible.  (The value 65536 would have to be
  95:c:/winavr-20100110/lib/gcc/../../avr/include/util/delay_basic.h ****     passed as 0.)  The loop executes four CPU cycles per iteration,
  96:c:/winavr-20100110/lib/gcc/../../avr/include/util/delay_basic.h ****     not including the overhead the compiler requires to setup the
  97:c:/winavr-20100110/lib/gcc/../../avr/include/util/delay_basic.h ****     counter register pair.
  98:c:/winavr-20100110/lib/gcc/../../avr/include/util/delay_basic.h **** 
  99:c:/winavr-20100110/lib/gcc/../../avr/include/util/delay_basic.h ****     Thus, at a CPU speed of 1 MHz, delays of up to about 262.1
 100:c:/winavr-20100110/lib/gcc/../../avr/include/util/delay_basic.h ****     milliseconds can be achieved.
 101:c:/winavr-20100110/lib/gcc/../../avr/include/util/delay_basic.h ****  */
 102:c:/winavr-20100110/lib/gcc/../../avr/include/util/delay_basic.h **** void
 103:c:/winavr-20100110/lib/gcc/../../avr/include/util/delay_basic.h **** _delay_loop_2(uint16_t __count)
 104:c:/winavr-20100110/lib/gcc/../../avr/include/util/delay_basic.h **** {
 105:c:/winavr-20100110/lib/gcc/../../avr/include/util/delay_basic.h **** 	__asm__ volatile (
 231               	8(25)
 232               	.L19:
 233 00c2 29E1      		movw r30,r18
 234 00c4 30E0      	/* #APP */
 235               	 ;  105 "c:/winavr-20100110/lib/gcc/../../avr/include/util/delay_basic.h" 1
 236 00c6 F901      		1: sbiw r30,1
 237               		brne 1b
 238               	 ;  0 "" 2
 239 00c8 3197      	/* #NOAPP */
 240 00ca 01F4      	.LBE29:
 241               	.LBE28:
 243               	.Ltext3:
 245               	.LM12:
 246               		sbiw r24,1
 248               	.LM13:
 249 00cc 0197      		brne .L19
 250               		rjmp .L14
 251               	.L24:
 253 00d0 00C0      	.LM14:
 254               		movw r24,r16
 255               		movw r22,r14
 256               		call __fixunssfsi
 257 00d2 C801      	.L9:
 258 00d4 B701      	.LBB30:
 259 00d6 0E94 0000 	.LBB31:
 261               	.Ltext4:
 263               	.LM15:
 264               		movw r24,r22
 265               	/* #APP */
 266               	 ;  105 "c:/winavr-20100110/lib/gcc/../../avr/include/util/delay_basic.h" 1
 267 00da CB01      		1: sbiw r24,1
 268               		brne 1b
 269               	 ;  0 "" 2
 270 00dc 0197      	/* #NOAPP */
 271 00de 01F4      		rjmp .L14
 272               	.L22:
 273               	.LBE31:
 274 00e0 00C0      	.LBE30:
 275               	.LBE27:
 276               	.LBE26:
 278               	.Ltext5:
 280               	.LM16:
 281               		movw r24,r16
 157:c:/winavr-20100110/lib/gcc/../../avr/include/util/delay.h **** 		return;
 158:c:/winavr-20100110/lib/gcc/../../avr/include/util/delay.h **** 	}
 159:c:/winavr-20100110/lib/gcc/../../avr/include/util/delay.h **** 	else
 160:c:/winavr-20100110/lib/gcc/../../avr/include/util/delay.h **** 		__ticks = (uint8_t)__tmp;
 282               	3:
 284 00e2 C801      	.Ltext6:
 286 00e6 0E94 0000 	.LM17:
 287               	/* #APP */
 288               	 ;  83 "c:/winavr-20100110/lib/gcc/../../avr/include/util/delay_basic.h" 1
 289               		1: dec r22
 290               		brne 1b
 291               	 ;  0 "" 2
 292               	/* #NOAPP */
 293               	.L14:
 294               	/* epilogue start */
 295               	.LBE33:
 296 00ea 6A95      	.LBE32:
 297 00ec 01F4      	.LBE25:
 298               	.LBE24:
 300               	.Ltext7:
 302               	.LM18:
 303               		pop r17
 304               		pop r16
 305               		pop r15
 306               		pop r14
 307               		pop r13
  59:powerlog.c    **** 	//while(x > 256)
  60:powerlog.c    **** 	//{
  61:powerlog.c    **** 	//	TIFR0 = (1<<TOV0); //Clear any interrupt flags on Timer0
  62:powerlog.c    **** 	//	TCNT0 = 0; //Preload Timer0 for 256 clicks. Should be 1us per click
  63:powerlog.c    **** 	//	while( (TIFR0 & (1<<TOV0)) == 0);
  64:powerlog.c    **** 	//	
  65:powerlog.c    **** 	//	x -= 256;
  66:powerlog.c    **** 	//}
  67:powerlog.c    **** 
  68:powerlog.c    **** 	//TIFR0 = (1<<TOV0); //Clear any interrupt flags on Timer0
  69:powerlog.c    **** 	//TCNT0 = 256 - x; //256 - 125 = 131 : Preload Timer0 for x clicks. Should be 1us per click
  70:powerlog.c    **** 	//while( (TIFR0 & (1<<TOV0)) == 0);
  71:powerlog.c    **** }
 308               	
 309               		ret
 328               	.Lscope1:
 330               	.global	delay_ms
 332               	delay_ms:
 334               	.LM19:
 335               	.LFBB2:
 336               		push r28
 337               		push r29
 338               	/* prologue: function */
 339               	/* frame size = 0 */
 340               	.LBB34:
  72:powerlog.c    **** 
  73:powerlog.c    **** 
  74:powerlog.c    **** void delay_ms(uint16_t x)
  75:powerlog.c    **** {
 342               	eg__,r28
 343               		cpc __zero_reg__,r29
 344               		brge .L28
 345 0100 CF93      	.L29:
 347               	.LM21:
 348               		ldi r24,lo8(1000)
 349               		ldi r25,hi8(1000)
  76:powerlog.c    **** 	
  77:powerlog.c    **** 	for (int i = x; i > 0; i--)
 350               	lay_us
 352 0104 EC01      	.LM22:
 353 0106 1C16      		sbiw r28,1
 354 0108 1D06      		cp __zero_reg__,r28
 355 010a 04F4      		cpc __zero_reg__,r29
 356               		brlt .L29
  78:powerlog.c    **** 		delay_us(1000);
 357               	* epilogue start */
 358               	.LBE34:
 360 010e 93E0      	.LM23:
 361 0110 0E94 0000 		pop r29
 362               		pop r28
 363               		ret
 365 0116 1C16      	.Lscope2:
 367 011a 04F0      	.global	__vector_3
 369               	__vector_3:
  79:powerlog.c    **** 	//while(x > 256)
  80:powerlog.c    **** 	//{
  81:powerlog.c    **** 	//	TIFR0 = (1<<TOV0); //Clear any interrupt flags on Timer0
  82:powerlog.c    **** 	//	TCNT0 = 0; //Preload Timer0 for 256 clicks. Should be 1us per click
  83:powerlog.c    **** 	//	while( (TIFR0 & (1<<TOV0)) == 0);
  84:powerlog.c    **** 	//	
  85:powerlog.c    **** 	//	x -= 256;
  86:powerlog.c    **** 	//}
  87:powerlog.c    **** 
  88:powerlog.c    **** 	//TIFR0 = (1<<TOV0); //Clear any interrupt flags on Timer0
  89:powerlog.c    **** 	//TCNT0 = 256 - x; //256 - 125 = 131 : Preload Timer0 for x clicks. Should be 1us per click
  90:powerlog.c    **** 	//while( (TIFR0 & (1<<TOV0)) == 0);
  91:powerlog.c    **** }
 371               	
 372               		push __zero_reg__
 373 011c DF91      		push r0
 374 011e CF91      		in r0,__SREG__
 375 0120 0895      		push r0
 376               		clr __zero_reg__
 377               		push r18
 378               		push r19
 379               		push r20
 380               		push r21
 381               		push r22
  92:powerlog.c    **** 
  93:powerlog.c    **** 
  94:powerlog.c    **** 
  95:powerlog.c    **** /* **************************************************************
  96:powerlog.c    **** *
  97:powerlog.c    **** * Name			: ioinit
  98:powerlog.c    **** *
  99:powerlog.c    **** * Function		: Setup the hardware
 100:powerlog.c    **** *
 101:powerlog.c    **** * Parameters	: void
 102:powerlog.c    **** *
 103:powerlog.c    **** * Returns		: void
 104:powerlog.c    **** *
 105:powerlog.c    **** * Checked		:
 106:powerlog.c    **** *
 107:powerlog.c    **** * Requirements	:
 108:powerlog.c    **** *
 109:powerlog.c    **** ***************************************************************** */
 110:powerlog.c    **** 
 111:powerlog.c    **** unsigned char ioinit(void)
 112:powerlog.c    **** {
 113:powerlog.c    ****   	/********************************************************/
 114:powerlog.c    **** 	/* PORTA : 	ADC7 configured as input		 			*/
 115:powerlog.c    **** 	/********************************************************/
 116:powerlog.c    **** 	DDRA = 0x7F; //0111 1111
 117:powerlog.c    **** 
 118:powerlog.c    **** 	// note: Display uses pins 6:0 on this port (outputs).
 119:powerlog.c    **** 	//       pin ADC7 is for converting Vref (input)
 120:powerlog.c    **** 	
 121:powerlog.c    **** 	/********************************************************/
 122:powerlog.c    **** 	/* Disable pullup resistors on PORTA 					*/
 123:powerlog.c    **** 	/********************************************************/
 124:powerlog.c    **** 	PORTA = 0x00 | (1<<CS); // CS_N low (inactive)	
 125:powerlog.c    **** 	
 126:powerlog.c    **** 	/********************************************************/
 127:powerlog.c    **** 	/* PORTB : 	0=GPIO0, input					 			*/
 128:powerlog.c    **** 	/*			1=GPIO1, input						 		*/
 129:powerlog.c    **** 	/*			2=INT2, sensor_n, input						*/
 130:powerlog.c    **** 	/*			3=GPIO2, F_OSC, default input 				*/
 131:powerlog.c    **** 	/*			4=one_wire_data, input	 					*/
 132:powerlog.c    **** 	/*			5=MOSI, output								*/
 133:powerlog.c    **** 	/*			6=MISO, input		 						*/
 134:powerlog.c    **** 	/*			7=SCLK, output		 						*/
 135:powerlog.c    **** 	/********************************************************/
 136:powerlog.c    **** 	DDRB = 0b10100000; // HIGH = output...			
 137:powerlog.c    **** 	
 138:powerlog.c    **** 	/********************************************************/
 139:powerlog.c    **** 	/* Disable pullup resistors on PORTB 					*/
 140:powerlog.c    **** 	/********************************************************/
 141:powerlog.c    **** 	PORTB = 0x00;	 
 142:powerlog.c    **** 	
 143:powerlog.c    **** 	/********************************************************/
 144:powerlog.c    **** 	/* PORTC : 	0=Not in use								*/
 145:powerlog.c    **** 	/*			1=Not in use								*/
 146:powerlog.c    **** 	/*			2=Not in use								*/
 147:powerlog.c    **** 	/*			3=Not in use								*/
 148:powerlog.c    **** 	/*			4=Not in use								*/
 149:powerlog.c    **** 	/*			5=not in use, input							*/
 150:powerlog.c    **** 	/*			6=not in use, input							*/
 151:powerlog.c    **** 	/*			7=not in use, input							*/
 152:powerlog.c    **** 	/********************************************************/
 153:powerlog.c    **** 	DDRC = 0x00;				
 154:powerlog.c    **** 	
 155:powerlog.c    **** 	/********************************************************/
 156:powerlog.c    **** 	/* Disable pullup resistors on PORTC 					*/
 157:powerlog.c    **** 	/********************************************************/
 158:powerlog.c    **** 	PORTC = 0x00;	
 159:powerlog.c    **** 
 160:powerlog.c    **** 
 161:powerlog.c    **** 	/********************************************************/
 162:powerlog.c    **** 	/* PORTD : 	0=UART_RXD default input 					*/
 163:powerlog.c    **** 	/*		 	1=UART_TXD default output 					*/
 164:powerlog.c    **** 	/*			2=INT0 input 								*/
 165:powerlog.c    **** 	/*			3=unused input 								*/
 166:powerlog.c    **** 	/*			4=IRQ_N, input								*/
 167:powerlog.c    **** 	/*			5=TXANT, output								*/
 168:powerlog.c    **** 	/*			6=RXANT, output								*/
 169:powerlog.c    **** 	/*			7=unused input								*/
 170:powerlog.c    **** 	/********************************************************/
 171:powerlog.c    **** 	DDRD = 0b01100010;
 172:powerlog.c    **** 	
 173:powerlog.c    **** 	/********************************************************/
 174:powerlog.c    **** 	/* Configure pullup resistors on PORTD 					*/
 175:powerlog.c    **** 	/* UART_RXD inactive									*/
 176:powerlog.c    **** 	/* UART_TXD inactive 									*/
 177:powerlog.c    **** 	/* Remaining [7:2] inactive								*/
 178:powerlog.c    **** 	/********************************************************/
 179:powerlog.c    **** 	PORTD = 0x00;	
 180:powerlog.c    **** 
 181:powerlog.c    **** 	/********************************************************/
 182:powerlog.c    **** 	/* Configure external IRQ inputs						*/
 183:powerlog.c    **** 	/********************************************************/
 184:powerlog.c    **** 	
 185:powerlog.c    **** 	// disable interrupt on INT2
 186:powerlog.c    **** 	EIMSK = 0;
 187:powerlog.c    **** 	
 188:powerlog.c    **** 	// select falling edge for interrupt on INT2
 189:powerlog.c    **** 	EICRA = (10<<ISC20); // (00<<ÍSC20); // low level interrupt on INT2
 190:powerlog.c    **** 
 191:powerlog.c    **** 	
 192:powerlog.c    **** 	// clear interrupt flags
 193:powerlog.c    **** 	EIFR = (1<<INTF2) | (1<<INTF1) | (1<<INTF0);
 194:powerlog.c    **** 	
 195:powerlog.c    **** 	// do not enable external interrupt on INT2 only
 196:powerlog.c    **** 	//EIMSK = (1<<INT2);
 197:powerlog.c    **** 	
 198:powerlog.c    **** 	
 199:powerlog.c    **** 	/********************************************************/
 200:powerlog.c    **** 	/* Configure external pin change interrupts (PCINT)		*/
 201:powerlog.c    **** 	
 202:powerlog.c    **** 	PCMSK3 = 0;
 203:powerlog.c    **** 	PCMSK2 = 0;
 204:powerlog.c    **** 	PCMSK1 = 0;
 205:powerlog.c    **** 	PCMSK0 = 0;
 206:powerlog.c    **** 	
 207:powerlog.c    **** 	PCICR = 0;
 208:powerlog.c    **** 	
 209:powerlog.c    **** 	
 210:powerlog.c    **** 	
 211:powerlog.c    **** 	/********************************************************/
 212:powerlog.c    **** 	/* Configure and enable timer :							*/
 213:powerlog.c    **** 	/* System clock Prescaler is set to OSC / 8             */
 214:powerlog.c    **** 	/* Timer Prescaler CLK/1024	=> 976,5625 Hz @ 1 MHz CLK	*/
 215:powerlog.c    **** 	/* Normal mode 											*/
 216:powerlog.c    **** 	/********************************************************/
 217:powerlog.c    **** 	TCCR1A = 0x00;														  
 218:powerlog.c    **** 	//TCCR1B = 7<<CS10; // Tin clock source
 219:powerlog.c    **** 	TCCR1B = 5<<CS10; // clkIO / 1024 clock source
 220:powerlog.c    **** 										
 221:powerlog.c    **** 	OCR1A = 0;    												 
 222:powerlog.c    **** 	//DDRB = 1<<DDRB | 1<<PB1 | 1<<PB4 | 1<<PB5;   			
 223:powerlog.c    **** 	//TIMSK1 = 1<<TOIE1;	
 224:powerlog.c    **** 
 225:powerlog.c    **** 	//Init timer 0 for delay_us timing
 226:powerlog.c    **** 	//8,000,000 / 8 = 1,000,000
 227:powerlog.c    ****     //TCCR0B = (1<<CS01); //Set Prescaler to 8. CS01=1
 228:powerlog.c    **** 
 229:powerlog.c    **** 
 230:powerlog.c    **** 	PRR = 0;
 231:powerlog.c    **** 
 232:powerlog.c    **** 
 233:powerlog.c    **** 										 
 234:powerlog.c    **** 
 235:powerlog.c    **** 	/********************************************************/
 236:powerlog.c    **** 	/* Init UART  											*/	
 237:powerlog.c    **** 	/********************************************************/
 238:powerlog.c    **** 	stdout = &mystdout; //Required for printf init
 239:powerlog.c    **** 	
 240:powerlog.c    **** 	uart_init(BAUD_RATE_0); // set up printf uart for 9600 bps
 241:powerlog.c    **** 	
 242:powerlog.c    **** 	//uart1_init(BAUD_RATE_1); // set up hdlc uart for 115200 bps
 243:powerlog.c    **** 
 244:powerlog.c    **** 
 245:powerlog.c    **** 	/********************************************************/
 246:powerlog.c    **** 	/* Init ADC  											*/	
 247:powerlog.c    **** 	/********************************************************/
 248:powerlog.c    **** 
 249:powerlog.c    **** 	adc_init();
 250:powerlog.c    **** 	
 251:powerlog.c    **** 	
 252:powerlog.c    **** 	/********************************************************/
 253:powerlog.c    **** 	/* enable interrupts :  clear the global interupt mask	*/
 254:powerlog.c    **** 	/********************************************************/	
 255:powerlog.c    ****     sei ();    			 
 256:powerlog.c    **** 	
 257:powerlog.c    **** 	return(TRUE);
 258:powerlog.c    **** }
 259:powerlog.c    **** 
 260:powerlog.c    **** 
 261:powerlog.c    **** 
 262:powerlog.c    **** 
 263:powerlog.c    **** 
 264:powerlog.c    **** /* ****************************************************************
 265:powerlog.c    **** *
 266:powerlog.c    **** * Name			: SIG_OVERFLOW1
 267:powerlog.c    **** *
 268:powerlog.c    **** * Function		: Timer_1 owerflow Interupt routine
 269:powerlog.c    **** *
 270:powerlog.c    **** * Parameters	: void
 271:powerlog.c    **** *
 272:powerlog.c    **** * Returns		: void
 273:powerlog.c    **** *
 274:powerlog.c    **** * Modify		: Global: IRQ_done
 275:powerlog.c    **** *
 276:powerlog.c    **** * Checked		:
 277:powerlog.c    **** *
 278:powerlog.c    **** * Requirements	:
 279:powerlog.c    **** * Description	: Reads the contrast and brightness controls and write to OLED
 280:powerlog.c    **** *				  and DA - converter trough i2C bus.
 281:powerlog.c    **** *
 282:powerlog.c    **** ***************************************************************** */
 283:powerlog.c    **** SIGNAL(SIG_OVERFLOW1)
 284:powerlog.c    **** {
 285:powerlog.c    **** 	cli();						/* disable interrupts, no interupt during I2C bus transfer */
 286:powerlog.c    **** 
 287:powerlog.c    **** 	timer_of++;
 288:powerlog.c    **** 	TCNT1 = 0;
 289:powerlog.c    **** 	printf("Timer overflow number %i\n\r", timer_of);
 290:powerlog.c    **** 
 291:powerlog.c    **** 	sei();						/* enable interrupts */
 292:powerlog.c    **** }
 293:powerlog.c    **** 
 294:powerlog.c    **** /* ****************************************************************
 295:powerlog.c    **** *
 296:powerlog.c    **** * Name			: SIG_INTERUPT0
 297:powerlog.c    **** *
 298:powerlog.c    **** * Function		: Extern interupt on PORTD[2]
 299:powerlog.c    **** *
 300:powerlog.c    **** * Parameters	: void
 301:powerlog.c    **** *
 302:powerlog.c    **** * Returns		: void
 303:powerlog.c    **** *
 304:powerlog.c    **** * Checked		:
 305:powerlog.c    **** *
 306:powerlog.c    **** * Requirements	:
 307:powerlog.c    **** * Description	: IR Sensor input (active low about 1,6 ms)
 308:powerlog.c    **** *
 309:powerlog.c    **** ***************************************************************** */
 310:powerlog.c    **** ISR(SIG_INTERRUPT2)
 311:powerlog.c    **** {
 382               		push r24
 383               		push r25
 384               		push r26
 385 0122 1F92      		push r27
 386 0124 0F92      		push r30
 387 0126 0FB6      		push r31
 388 0128 0F92      	/* prologue: Signal */
 389 012a 1124      	/* frame size = 0 */
 391 012e 3F93      	.LM25:
 392 0130 4F93      	/* #APP */
 393 0132 5F93      	 ;  316 "powerlog.c" 1
 394 0134 6F93      		cli
 395 0136 7F93      	 ;  0 "" 2
 397 013a 9F93      	.LM26:
 398 013c AF93      	/* #NOAPP */
 399 013e BF93      		ldi r30,lo8(132)
 400 0140 EF93      		ldi r31,hi8(132)
 401 0142 FF93      		ld r22,Z
 402               		ldd r23,Z+1
 312:powerlog.c    **** 	uint16_t cycles;
 313:powerlog.c    **** 	//uint32_t time_us;
 314:powerlog.c    **** 	uint16_t time_ms;
 315:powerlog.c    **** 	
 316:powerlog.c    **** 	cli();						// disable interrupts, no interrupt during sensor active input
 404               	_reg__
 405               		st Z,__zero_reg__
 407               	.LM28:
 408 0144 F894      		ldi r24,lo8(0)
 409               		ldi r25,hi8(0)
 317:powerlog.c    **** 	
 318:powerlog.c    **** 	
 319:powerlog.c    **** 	
 320:powerlog.c    **** 	cycles = TCNT1;
 410               	__floatunsisf
 411               		ldi r18,lo8(0x3f83126f)
 412               		ldi r19,hi8(0x3f83126f)
 413 0146 E4E8      		ldi r20,hlo8(0x3f83126f)
 414 0148 F0E0      		ldi r21,hhi8(0x3f83126f)
 415 014a 6081      		call __mulsf3
 416 014c 7181      		call __fixunssfsi
 321:powerlog.c    **** 	TCNT1 = 0; 		// reset timer counter
 417               	18,r22
 418               		ldi r20,lo8(0)
 419 014e 1182      		ldi r21,hi8(0)
 420 0150 1082      		ldi r22,lo8(3600000)
 322:powerlog.c    **** 	//time_us = cycles * TIMER_CYCLE_US;
 323:powerlog.c    **** 	time_ms = (uint16_t) (cycles * (TIMER_CYCLE_US / 1000.0));
 324:powerlog.c    **** 	power = (uint16_t) (3600000 / time_ms);
 421               	 r23,hi8(3600000)
 422               		ldi r24,hlo8(3600000)
 423 0152 80E0      		ldi r25,hhi8(3600000)
 424 0154 90E0      		call __divmodsi4
 425 0156 0E94 0000 		sts (power)+1,r19
 426 015a 2FE6      		sts power,r18
 428 015e 43E8      	.LM29:
 429 0160 5FE3      		lds r24,pulse
 430 0162 0E94 0000 		lds r25,(pulse)+1
 431 0166 0E94 0000 		adiw r24,1
 432 016a 9B01      		sts (pulse)+1,r25
 433 016c 40E0      		sts pulse,r24
 435 0170 60E8      	.LM30:
 436 0172 7EEE      	/* #APP */
 437 0174 86E3      	 ;  331 "powerlog.c" 1
 438 0176 90E0      		sei
 439 0178 0E94 0000 	 ;  0 "" 2
 440 017c 3093 0000 	/* epilogue start */
 325:powerlog.c    **** 
 326:powerlog.c    **** 	pulse++;
 442               	pop r31
 443               		pop r30
 444 0184 8091 0000 		pop r27
 445 0188 9091 0000 		pop r26
 446 018c 0196      		pop r25
 447 018e 9093 0000 		pop r24
 448 0192 8093 0000 		pop r23
 327:powerlog.c    **** 	//printf("Puls nr %i @ Tid: %u cykler = %u ms = %u W\n\r", pulse, cycles, time_ms, power);
 328:powerlog.c    **** 	
 329:powerlog.c    **** 	//sprintf(txData, "%i,%u;", pulse, power);
 330:powerlog.c    **** 
 331:powerlog.c    **** 	sei();									/* enable interrupts */
 449               	2
 450               		pop r21
 451               		pop r20
 452               		pop r19
 453 0196 7894      		pop r18
 454               		pop r0
 455               		out __SREG__,r0
 332:powerlog.c    **** }
 456               	
 457               		pop __zero_reg__
 458               		reti
 463 01a0 9F91      	.Lscope3:
 465 01a4 7F91      	.global	__vector_2
 467 01a8 5F91      	__vector_2:
 469 01ac 3F91      	.LM32:
 470 01ae 2F91      	.LFBB4:
 471 01b0 0F90      		push __zero_reg__
 472 01b2 0FBE      		push r0
 473 01b4 0F90      		in r0,__SREG__
 474 01b6 1F90      		push r0
 475 01b8 1895      		clr __zero_reg__
 476               	/* prologue: Signal */
 477               	/* frame size = 0 */
 479               	.LM33:
 480               	/* #APP */
 481               	 ;  336 "powerlog.c" 1
 482               		cli
 483               	 ;  0 "" 2
 333:powerlog.c    **** 
 334:powerlog.c    **** SIGNAL(SIG_INTERRUPT1)
 335:powerlog.c    **** {
 485               	1
 486               		sei
 487               	 ;  0 "" 2
 488 01ba 1F92      	/* epilogue start */
 490 01be 0FB6      	.LM35:
 491 01c0 0F92      	/* #NOAPP */
 492 01c2 1124      		pop r0
 493               		out __SREG__,r0
 494               		pop r0
 336:powerlog.c    **** 	cli();									/* disable interrupts, no interrupt during I2C bus transfer */
 495               	o_reg__
 496               		reti
 498               	.Lscope4:
 500               	.global	__vector_1
 337:powerlog.c    **** 
 338:powerlog.c    **** 	
 339:powerlog.c    **** 
 340:powerlog.c    **** 	sei();									/* enable interrupts */
 501               		__vector_1, @function
 502               	__vector_1:
 504 01c6 7894      	.LM36:
 505               	.LFBB5:
 506               		push __zero_reg__
 341:powerlog.c    **** }
 507               	r0
 508               		in r0,__SREG__
 509               		push r0
 510 01c8 0F90      		clr __zero_reg__
 511 01ca 0FBE      	/* prologue: Signal */
 512 01cc 0F90      	/* frame size = 0 */
 514 01d0 1895      	.LM37:
 515               	/* #APP */
 516               	 ;  346 "powerlog.c" 1
 517               		cli
 518               	 ;  0 "" 2
 520               	.LM38:
 342:powerlog.c    **** 
 343:powerlog.c    **** 
 344:powerlog.c    **** ISR (SIG_INTERRUPT0)
 345:powerlog.c    **** {
 521               	log.c" 1
 522               		sei
 523               	 ;  0 "" 2
 524 01d2 1F92      	/* epilogue start */
 526 01d6 0FB6      	.LM39:
 527 01d8 0F92      	/* #NOAPP */
 528 01da 1124      		pop r0
 529               		out __SREG__,r0
 530               		pop r0
 346:powerlog.c    **** 	cli();									/* disable interrupts, no interrupt during I2C bus transfer */
 531               	o_reg__
 532               		reti
 534               	.Lscope5:
 536               	.global	__vector_7
 347:powerlog.c    **** 
 348:powerlog.c    **** 
 349:powerlog.c    **** 
 537               		__vector_7, @function
 538               	__vector_7:
 540 01de 7894      	.LM40:
 541               	.LFBB6:
 542               		push __zero_reg__
 350:powerlog.c    **** 
 543               	r0
 544               		in r0,__SREG__
 545               		push r0
 546 01e0 0F90      		clr __zero_reg__
 547 01e2 0FBE      	/* prologue: Signal */
 548 01e4 0F90      	/* frame size = 0 */
 550 01e8 1895      	.LM41:
 551               	/* #APP */
 552               	 ;  355 "powerlog.c" 1
 553               		cli
 554               	 ;  0 "" 2
 556               	.LM42:
 351:powerlog.c    **** 
 352:powerlog.c    **** 	sei();									/* enable interrupts */
 353:powerlog.c    **** }
 354:powerlog.c    **** 
 557               	log.c" 1
 558               		sei
 559               	 ;  0 "" 2
 560 01ea 1F92      	/* epilogue start */
 562 01ee 0FB6      	.LM43:
 563 01f0 0F92      	/* #NOAPP */
 564 01f2 1124      		pop r0
 565               		out __SREG__,r0
 566               		pop r0
 355:powerlog.c    **** 
 567               	o_reg__
 568               		reti
 570               	.Lscope6:
 356:powerlog.c    **** 
 357:powerlog.c    **** 
 358:powerlog.c    **** ISR (SIG_PIN_CHANGE3)
 359:powerlog.c    **** {
 573               	l	parseMsg
 575               	parseMsg:
 577               	.LM44:
 578               	.LFBB7:
 360:powerlog.c    **** 
 579               	r29
 580               		push r28
 581               		in r28,__SP_L__
 582 01f8 0F90      		in r29,__SP_H__
 583 01fa 0FBE      		sbiw r28,7
 584 01fc 0F90      		in __tmp_reg__,__SREG__
 585 01fe 1F90      		cli
 586 0200 1895      		out __SP_H__,r29
 587               		out __SREG__,__tmp_reg__
 588               		out __SP_L__,r28
 589               	/* prologue: function */
 590               	/* frame size = 7 */
 592               	.LM45:
 593               		ldi r24,lo8(1)
 361:powerlog.c    **** 
 362:powerlog.c    **** 	cli();									/* disable interrupts, no interrupt during I2C bus transfer */
 363:powerlog.c    **** 
 364:powerlog.c    **** 	
 365:powerlog.c    **** 
 366:powerlog.c    **** 	sei();									/* enable interrupts */
 367:powerlog.c    **** }
 368:powerlog.c    **** 
 594               	rt */
 595               		adiw r28,7
 596               		in __tmp_reg__,__SREG__
 597 0202 DF93      		cli
 598 0204 CF93      		out __SP_H__,r29
 599 0206 CDB7      		out __SREG__,__tmp_reg__
 600 0208 DEB7      		out __SP_L__,r28
 601 020a 2797      		pop r28
 602 020c 0FB6      		pop r29
 603 020e F894      		ret
 605 0212 0FBE      	.Lscope7:
 606 0214 CDBF      		.data
 607               	.LC0:
 608               		.string	"Timer overflow number %i\n\r"
 369:powerlog.c    **** 
 370:powerlog.c    **** 
 371:powerlog.c    **** 
 372:powerlog.c    **** 
 373:powerlog.c    **** 
 374:powerlog.c    **** 
 375:powerlog.c    **** unsigned char parseMsg(msgType msg)
 376:powerlog.c    **** {
 377:powerlog.c    **** /*
 378:powerlog.c    **** 	msgType txMsg;
 379:powerlog.c    **** 
 380:powerlog.c    **** 	uint16_t temp;
 381:powerlog.c    **** 	
 382:powerlog.c    **** 	txMsg.devAddr = 0;
 383:powerlog.c    **** 	txMsg.command = msg.command;
 384:powerlog.c    **** 	txMsg.size = 0;
 385:powerlog.c    **** 	txMsg.chksum = 0;
 386:powerlog.c    **** 	txMsg.data_ptr = &txData[0];
 387:powerlog.c    **** 
 388:powerlog.c    **** 	
 389:powerlog.c    **** 	
 390:powerlog.c    **** 	if (msg.devAddr != MYADDRESS)
 391:powerlog.c    **** 		return 0;
 392:powerlog.c    **** 	else
 393:powerlog.c    **** 	{
 394:powerlog.c    **** 		switch (msg.command)
 395:powerlog.c    **** 		{
 396:powerlog.c    **** 			case READ_POWER :
 397:powerlog.c    **** 				
 398:powerlog.c    **** 				temp = power;
 399:powerlog.c    **** 				
 400:powerlog.c    **** 				txMsg.size = 2;
 401:powerlog.c    **** 				txData[0] = (uint8_t) (temp >> 8);		// msb
 402:powerlog.c    **** 				txData[1] = (uint8_t) (temp & 0xFF);	// lsb
 403:powerlog.c    **** 				
 404:powerlog.c    **** 				break;
 405:powerlog.c    **** 				
 406:powerlog.c    **** 			case READ_PULSES : 
 407:powerlog.c    **** 				
 408:powerlog.c    **** 				temp = pulse;
 409:powerlog.c    **** 				pulse = 0;
 410:powerlog.c    **** 				
 411:powerlog.c    **** 				txMsg.size = 2;
 412:powerlog.c    **** 				txData[0] = (uint8_t) (temp >> 8);		// msb
 413:powerlog.c    **** 				txData[1] = (uint8_t) (temp & 0xFF);	// lsb
 414:powerlog.c    **** 				
 415:powerlog.c    **** 				break;
 416:powerlog.c    **** 				
 417:powerlog.c    **** 			case READ_VOLTAGE :
 418:powerlog.c    **** 			
 419:powerlog.c    **** 				
 420:powerlog.c    **** 				txMsg.size = 1;
 421:powerlog.c    **** 				txData[0] = voltage;
 422:powerlog.c    **** 				
 423:powerlog.c    **** 				break;
 424:powerlog.c    **** 			
 425:powerlog.c    **** 			default : 
 426:powerlog.c    **** 
 427:powerlog.c    **** 				return 0;
 428:powerlog.c    **** 				
 429:powerlog.c    **** 				break;
 609               	"__vector_15:F(0,15)",36,0,0,__vector_15
 610               	.global	__vector_15
 612               	__vector_15:
 614 021a 0FB6      	.LM46:
 615 021c F894      	.LFBB8:
 616 021e DEBF      		push __zero_reg__
 617 0220 0FBE      		push r0
 618 0222 CDBF      		in r0,__SREG__
 619 0224 CF91      		push r0
 620 0226 DF91      		clr __zero_reg__
 621 0228 0895      		push r18
 622               		push r19
 623               		push r20
 624               		push r21
 625               		push r22
 626 0000 5469 6D65 		push r23
 626      7220 6F76 
 626      6572 666C 
 626      6F77 206E 
 626      756D 6265 
 627               		push r24
 628               		push r25
 629               		push r26
 630               		push r27
 631               		push r30
 632               		push r31
 633               	/* prologue: Signal */
 634               	/* frame size = 0 */
 636 022c 0F92      	.LM47:
 637 022e 0FB6      	/* #APP */
 638 0230 0F92      	 ;  285 "powerlog.c" 1
 639 0232 1124      		cli
 640 0234 2F93      	 ;  0 "" 2
 642 0238 4F93      	.LM48:
 643 023a 5F93      	/* #NOAPP */
 644 023c 6F93      		lds r24,timer_of
 645 023e 7F93      		subi r24,lo8(-(1))
 646 0240 8F93      		sts timer_of,r24
 648 0244 AF93      	.LM49:
 649 0246 BF93      		sts (132)+1,__zero_reg__
 650 0248 EF93      		sts 132,__zero_reg__
 652               	.LM50:
 653               		lds r18,timer_of
 654               		rcall .
 655               		rcall .
 656               		in r30,__SP_L__
 657               		in r31,__SP_H__
 658 024c F894      		adiw r30,1
 659               		ldi r24,lo8(.LC0)
 660               		ldi r25,hi8(.LC0)
 661               		std Z+1,r25
 662               		st Z,r24
 663 024e 8091 0000 		std Z+2,r18
 664 0252 8F5F      		std Z+3,__zero_reg__
 665 0254 8093 0000 		call printf
 667               	.LM51:
 668 0258 1092 8500 	/* #APP */
 669 025c 1092 8400 	 ;  291 "powerlog.c" 1
 670               		sei
 671               	 ;  0 "" 2
 672 0260 2091 0000 	/* #NOAPP */
 673 0264 00D0      		pop __tmp_reg__
 674 0266 00D0      		pop __tmp_reg__
 675 0268 EDB7      		pop __tmp_reg__
 676 026a FEB7      		pop __tmp_reg__
 677 026c 3196      	/* epilogue start */
 679 0270 90E0      	.LM52:
 680 0272 9183      		pop r31
 681 0274 8083      		pop r30
 682 0276 2283      		pop r27
 683 0278 1382      		pop r26
 684 027a 0E94 0000 		pop r25
 685               		pop r24
 686               		pop r23
 687               		pop r22
 688               		pop r21
 689 027e 7894      		pop r20
 690               		pop r19
 691               		pop r18
 692 0280 0F90      		pop r0
 693 0282 0F90      		out __SREG__,r0
 694 0284 0F90      		pop r0
 695 0286 0F90      		pop __zero_reg__
 696               		reti
 698               	.Lscope8:
 700 028a EF91      	.global	ioinit
 702 028e AF91      	ioinit:
 704 0292 8F91      	.LM53:
 705 0294 7F91      	.LFBB9:
 706 0296 6F91      	/* prologue: function */
 707 0298 5F91      	/* frame size = 0 */
 709 029c 3F91      	.LM54:
 710 029e 2F91      		ldi r24,lo8(127)
 711 02a0 0F90      		out 33-32,r24
 713 02a4 0F90      	.LM55:
 714 02a6 1F90      		ldi r24,lo8(8)
 715 02a8 1895      		out 34-32,r24
 717               	.LM56:
 718               		ldi r25,lo8(-96)
 719               		out 36-32,r25
 721               	.LM57:
 722               		out 37-32,__zero_reg__
 724               	.LM58:
 725               		out 39-32,__zero_reg__
 727               	.LM59:
 728               		out 40-32,__zero_reg__
 730 02ac 81B9      	.LM60:
 731               		ldi r24,lo8(98)
 732               		out 42-32,r24
 734 02b0 82B9      	.LM61:
 735               		out 43-32,__zero_reg__
 737 02b2 90EA      	.LM62:
 738 02b4 94B9      		out 61-32,__zero_reg__
 740               	.LM63:
 741 02b6 15B8      		sts 105,r25
 743               	.LM64:
 744 02b8 17B8      		ldi r24,lo8(7)
 745               		out 60-32,r24
 747 02ba 18B8      	.LM65:
 748               		sts 115,__zero_reg__
 750 02bc 82E6      	.LM66:
 751 02be 8AB9      		sts 109,__zero_reg__
 753               	.LM67:
 754 02c0 1BB8      		sts 108,__zero_reg__
 756               	.LM68:
 757 02c2 1DBA      		sts 107,__zero_reg__
 759               	.LM69:
 760 02c4 9093 6900 		sts 104,__zero_reg__
 762               	.LM70:
 763 02c8 87E0      		sts 128,__zero_reg__
 765               	.LM71:
 766               		ldi r24,lo8(5)
 767 02cc 1092 7300 		sts 129,r24
 769               	.LM72:
 770 02d0 1092 6D00 		sts (136)+1,__zero_reg__
 771               		sts 136,__zero_reg__
 773 02d4 1092 6C00 	.LM73:
 774               		sts 100,__zero_reg__
 776 02d8 1092 6B00 	.LM74:
 777               		ldi r24,lo8(mystdout)
 778               		ldi r25,hi8(mystdout)
 779 02dc 1092 6800 		sts (__iob+2)+1,r25
 780               		sts __iob+2,r24
 782 02e0 1092 8000 	.LM75:
 783               		ldi r24,lo8(12)
 784               		ldi r25,hi8(12)
 785 02e4 85E0      		call uart_init
 787               	.LM76:
 788               		call adc_init
 790 02ee 1092 8800 	.LM77:
 791               	/* #APP */
 792               	 ;  255 "powerlog.c" 1
 793 02f2 1092 6400 		sei
 794               	 ;  0 "" 2
 796 02f6 80E0      	.LM78:
 797 02f8 90E0      	/* #NOAPP */
 798 02fa 9093 0000 		ldi r24,lo8(-1)
 799 02fe 8093 0000 	/* epilogue start */
 800               		ret
 802 0302 8CE0      	.Lscope9:
 803 0304 90E0      		.data
 804 0306 0E94 0000 	.LC1:
 805               		.string	"Startup Completed\n\r"
 806               	.LC2:
 807 030a 0E94 0000 		.string	"rx mode"
 808               	.LC3:
 809               		.string	"0123456789:;<=>? "
 810               	.LC4:
 811               		.string	"Received: "
 812 030e 7894      	.LC5:
 813               		.string	"Transmit %i Done\n"
 814               		.text
 816               	.global	main
 818               	main:
 820               	.LM79:
 821               	.LFBB10:
 822               		push r2
 823               		push r3
 824 001b 5374 6172 		push r4
 824      7475 7020 
 824      436F 6D70 
 824      6C65 7465 
 824      640A 0D00 
 825               		push r5
 826 002f 7278 206D 		push r6
 826      6F64 6500 
 827               		push r7
 828 0037 3031 3233 		push r8
 828      3435 3637 
 828      3839 3A3B 
 828      3C3D 3E3F 
 828      2000 
 829               		push r9
 830 0049 5265 6365 		push r10
 830      6976 6564 
 830      3A20 00
 831               		push r11
 832 0054 5472 616E 		push r12
 832      736D 6974 
 832      2025 6920 
 832      446F 6E65 
 832      0A00 
 833               		push r13
 834               		push r14
 835               		push r15
 836               		push r16
 837               		push r17
 430:powerlog.c    **** 
 431:powerlog.c    **** 		}
 432:powerlog.c    **** 
 433:powerlog.c    **** 		sendMsg(txMsg);
 434:powerlog.c    **** 	*/
 435:powerlog.c    **** 		return 1;
 436:powerlog.c    **** 	//}
 437:powerlog.c    **** 
 438:powerlog.c    **** }
 439:powerlog.c    **** 
 440:powerlog.c    **** 
 441:powerlog.c    **** 
 442:powerlog.c    **** 
 443:powerlog.c    **** /* ****************************************************************
 444:powerlog.c    **** *
 445:powerlog.c    **** * Name			: main
 446:powerlog.c    **** *
 447:powerlog.c    **** * Function		: main routine
 448:powerlog.c    **** *
 449:powerlog.c    **** * Parameters	: void
 450:powerlog.c    **** *
 838               	B10
 839               	.LM82:
 840               		call ioinit
 842 0316 3F92      	.LM83:
 843 0318 4F92      		call init_SPI
 845 031c 6F92      	.LM84:
 846 031e 7F92      		ldi r24,lo8(100)
 847 0320 8F92      		ldi r25,hi8(100)
 848 0322 9F92      		call delay_us
 850 0326 BF92      	.LM85:
 851 0328 CF92      		ldi r24,lo8(7)
 852 032a DF92      		ldi r22,lo8(-128)
 853 032c EF92      		call write_RFM
 855 0330 0F93      	.LM86:
 856 0332 1F93      		ldi r24,lo8(10000)
 857 0334 CF93      		ldi r25,hi8(10000)
 858 0336 DF93      		call delay_us
 860               	.LM87:
 451:powerlog.c    **** 
 452:powerlog.c    **** * Returns		: int 0
 453:powerlog.c    **** *
 454:powerlog.c    **** ***************************************************************** */
 861               	31,hi8(34)
 862               		ld r24,Z
 863 0338 1092 0000 		ori r24,lo8(8)
 455:powerlog.c    **** 
 456:powerlog.c    **** 
 457:powerlog.c    **** //Global Variables
 864               	 Z,r24
 866 033c 8FEF      	.LM88:
 867 033e 8093 0000 		rcall .
 458:powerlog.c    **** 
 459:powerlog.c    **** unsigned char RF_RXBUF[35];
 460:powerlog.c    **** 
 461:powerlog.c    **** int main(void)
 462:powerlog.c    **** {
 463:powerlog.c    **** 	char temp;
 464:powerlog.c    **** 	int i=0;
 465:powerlog.c    **** 	int chksum = 0;
 466:powerlog.c    **** 	msgComplete = 0;
 467:powerlog.c    **** 	
 468:powerlog.c    **** //	uint16_t lastPulse = 0;
 469:powerlog.c    **** 	pos = -1;
 868               	 r24,lo8(.LC1)
 869               		ldi r25,hi8(.LC1)
 870 0342 0E94 0000 		in r30,__SP_L__
 470:powerlog.c    **** 
 871               	 r31,__SP_H__
 872               		std Z+2,r25
 873 0346 0E94 0000 		std Z+1,r24
 471:powerlog.c    **** 
 472:powerlog.c    **** 	
 874               	ll printf
 876 034a 84E6      	.LM89:
 877 034c 90E0      		pop __tmp_reg__
 878 034e 0E94 0000 		pop __tmp_reg__
 473:powerlog.c    **** 
 879               	r24,lo8(0)
 880               		call read_RFM
 882 0354 60E8      	.LM90:
 883 0356 0E94 0000 		ldi r24,lo8(1)
 474:powerlog.c    **** 
 475:powerlog.c    **** 	// External Oscillator frequency = 8 MHz
 884               	 read_RFM
 886 035a 80E1      	.LM91:
 887 035c 97E2      		ldi r24,lo8(5)
 888 035e 0E94 0000 		call read_RFM
 476:powerlog.c    **** 
 477:powerlog.c    **** 	// set system clock frequency
 889               	bn	68,0,484,.LM92-.LFBB10
 890               	.LM92:
 891 0362 E2E2      		ldi r24,lo8(6)
 892 0364 F0E0      		call read_RFM
 894 0368 8860      	.LM93:
 895 036a 8083      		ldi r24,lo8(7)
 478:powerlog.c    **** 
 479:powerlog.c    **** 	//CLKPR = 1<<CLKPCE;
 896               	ead_RFM
 898 036c 00D0      	.LM94:
 899 036e 80E0      		ldi r24,lo8(8)
 900 0370 90E0      		call read_RFM
 902 0374 FEB7      	.LM95:
 903 0376 9283      		call init_RFM22
 905 037a 0E94 0000 	.LM96:
 480:powerlog.c    **** 
 481:powerlog.c    **** 	//CLKPR = 3; // set division factor to 8
 906               	x_mode
 908 037e 0F90      	.LM97:
 909 0380 0F90      		ldi r24,lo8(.LC2)
 910 0382 80E0      		ldi r25,hi8(.LC2)
 911 0384 0E94 0000 		call puts
 482:powerlog.c    **** 
 912               	n	68,0,492,.LM98-.LFBB10
 913               	.LM98:
 914 0388 81E0      		ldi r26,lo8(txData)
 915 038a 0E94 0000 		ldi r27,hi8(txData)
 483:powerlog.c    **** 
 916               	 r30,lo8(.LC3)
 917               		ldi r31,hi8(.LC3)
 918 038e 85E0      		ldi r24,lo8(18)
 919 0390 0E94 0000 	.L46:
 484:powerlog.c    **** 
 920               	ode
 922 0394 86E0      	.LM97:
 923 0396 0E94 0000 		ldi r24,lo8(.LC2)
 485:powerlog.c    **** 
 924               	 r25,hi8(.LC2)
 925               		call puts
 927 039c 0E94 0000 	.LM98:
 486:powerlog.c    **** 
 928               	 r26,lo8(txData)
 929               		ldi r27,hi8(txData)
 930 03a0 88E0      		ldi r30,lo8(.LC3)
 931 03a2 0E94 0000 		ldi r31,hi8(.LC3)
 487:powerlog.c    **** 
 488:powerlog.c    **** 	
 932               	 r24,lo8(18)
 933               	.L46:
 934 03a6 0E94 0000 		ld r0,Z+
 489:powerlog.c    **** 
 935               		68,0,491,.LM97-.LFBB10
 936               	.LM97:
 937 03aa 0E94 0000 		ldi r24,lo8(.LC2)
 490:powerlog.c    **** 
 491:powerlog.c    **** 	// Clk_sys set to 1 MHz
 938               	i r25,hi8(.LC2)
 939               		call puts
 941 03b0 90E0      	.LM98:
 942 03b2 0E94 0000 		ldi r26,lo8(txData)
 492:powerlog.c    **** 
 943               	r27,hi8(txData)
 944               		ldi r30,lo8(.LC3)
 945 03b6 A0E0      		ldi r31,hi8(.LC3)
 946 03b8 B0E0      		ldi r24,lo8(18)
 947 03ba E0E0      	.L46:
 948 03bc F0E0      		ld r0,Z+
 949 03be 82E1      		st X+,r0
 950               		subi r24,lo8(-(-1))
 951 03c0 0190      		brne .L46
 952 03c2 0D92      		ldi r28,lo8(0)
 953 03c4 8150      		ldi r29,hi8(0)
 955 03c8 C0E0      	.LM99:
 956 03ca D0E0      		mov __tmp_reg__,r31
 493:powerlog.c    **** 
 494:powerlog.c    **** 	
 495:powerlog.c    **** 
 496:powerlog.c    **** 
 497:powerlog.c    **** 	
 957               	di r27,hi8(txData)
 958               		ldi r30,lo8(.LC3)
 959 03cc 0F2E      		ldi r31,hi8(.LC3)
 960 03ce F9E2      		ldi r24,lo8(18)
 961 03d0 6F2E      	.L46:
 962 03d2 7724      		ld r0,Z+
 963 03d4 F02D      		st X+,r0
 964 03d6 0F2E      		subi r24,lo8(-(-1))
 965 03d8 F0E0      		brne .L46
 966 03da 2F2E      		ldi r28,lo8(0)
 967 03dc F0E0      		ldi r29,hi8(0)
 969 03e0 F02D      	.LM99:
 970 03e2 C101      		mov __tmp_reg__,r31
 971 03e4 922C      		ldi r31,lo8(41)
 972 03e6 892E      		mov r6,r31
 498:powerlog.c    **** 
 499:powerlog.c    **** 	ioinit();			// init peripherals and GPIO pin directions and pullups
 500:powerlog.c    **** 	init_SPI();
 973               	(.LC3)
 974               		ldi r31,hi8(.LC3)
 975 03e8 0F2E      		ldi r24,lo8(18)
 976 03ea F0E0      	.L46:
 977 03ec CF2E      		ld r0,Z+
 978 03ee F0E0      		st X+,r0
 979 03f0 DF2E      		subi r24,lo8(-(-1))
 980 03f2 F02D      		brne .L46
 981 03f4 4424      		ldi r28,lo8(0)
 982 03f6 5524      		ldi r29,hi8(0)
 501:powerlog.c    **** 
 502:powerlog.c    **** 	
 503:powerlog.c    **** 	delay_us(100);
 504:powerlog.c    **** 	write_RFM(OMFC1, 0x80);	// issue sw reset
 505:powerlog.c    **** 	
 506:powerlog.c    **** 	delay_us(10000);		// wait for devices to startup
 507:powerlog.c    **** 
 983               	
 985 03f8 0F2E      	.LM98:
 986 03fa F0E0      		ldi r26,lo8(txData)
 987 03fc EF2E      		ldi r27,hi8(txData)
 988 03fe F0E0      		ldi r30,lo8(.LC3)
 989 0400 FF2E      		ldi r31,hi8(.LC3)
 990 0402 F02D      		ldi r24,lo8(18)
 508:powerlog.c    **** 
 509:powerlog.c    **** 	sbi(CSPORT,CS);
 510:powerlog.c    **** 	
 511:powerlog.c    **** 	printf("Startup Completed\n\r");
 512:powerlog.c    **** 
 513:powerlog.c    **** 	temp = read_RFM(DTYPE);
 514:powerlog.c    **** 	temp = read_RFM(DVERS);
 515:powerlog.c    **** 	temp = read_RFM(INTEN1);
 516:powerlog.c    **** 	temp = read_RFM(INTEN2);
 517:powerlog.c    **** 	temp = read_RFM(OMFC1);
 518:powerlog.c    **** 	temp = read_RFM(OMFC2);
 519:powerlog.c    **** 	
 520:powerlog.c    **** 	init_RFM22();	// Initialize all RFM22 registers
 521:powerlog.c    **** 	to_rx_mode();	// receive data
 522:powerlog.c    **** 	
 523:powerlog.c    **** 	printf("rx mode\n");
 524:powerlog.c    **** 	sprintf(txData, "0123456789:;<=>? ");
 525:powerlog.c    ****     // loop forever, the interrupts are doing the rest
 526:powerlog.c    **** 	while(1)
 527:powerlog.c    **** 	{
 528:powerlog.c    **** 		
 529:powerlog.c    **** 		if((PIND & (1<<NIRQ)) == 0)	//Interrupt will be generated if data is recieved
 530:powerlog.c    **** 		{
 531:powerlog.c    **** 			// Read 18-byte packet into RF_RXBUF[]:
 532:powerlog.c    **** 			for(i=0; i<17; i++)
 533:powerlog.c    **** 			{
 534:powerlog.c    **** 				RF_RXBUF[i] = read_RFM(0x7F);
 535:powerlog.c    **** 			}
 536:powerlog.c    **** 			
 537:powerlog.c    **** 			// Check that the checksum matches up:
 991               	ld r0,Z+
 992               		st X+,r0
 993 0404 0F2E      		subi r24,lo8(-(-1))
 994 0406 F0E0      		brne .L46
 995 0408 AF2E      		ldi r28,lo8(0)
 996 040a F0E0      		ldi r29,hi8(0)
 998 040e F02D      	.LM99:
 999               		mov __tmp_reg__,r31
 1000               		ldi r31,lo8(41)
 1001               		mov r6,r31
 1002 0410 F301      		clr r7
 1003 0412 8081      		mov r31,__tmp_reg__
 1004 0414 84FD      		mov __tmp_reg__,r31
 1005 0416 00C0      		ldi r31,lo8(RF_RXBUF)
 1006 0418 8101      		mov r2,r31
 1007 041a 892D      		ldi r31,hi8(RF_RXBUF)
 1008 041c 982D      		mov r3,r31
 1009 041e EC01      		mov r31,__tmp_reg__
 1010               		movw r24,r2
 1011               		mov r9,r2
 1012               		mov r8,r25
 1014 0422 0E94 0000 	.LM100:
 1015 0426 8993      		mov __tmp_reg__,r31
 1016               		ldi r31,lo8(RF_RXBUF+17)
 1017               		mov r12,r31
 1018 0428 CC15      		ldi r31,hi8(RF_RXBUF+17)
 1019 042a DD05      		mov r13,r31
 1020 042c 01F4      		mov r31,__tmp_reg__
 1021 042e 892D      		clr r4
 1022 0430 982D      		clr r5
 1024 0434 9201      	.LM101:
 1025               		mov __tmp_reg__,r31
 1026               		ldi r31,lo8(RF_RXBUF+16)
 1027               		mov r14,r31
 1028 0436 8191      		ldi r31,hi8(RF_RXBUF+16)
 1029 0438 280F      		mov r15,r31
 1030 043a 311D      		mov r31,__tmp_reg__
 1032               	.LM102:
 1033 043c EE15      		mov __tmp_reg__,r31
 1034 043e FF05      		ldi r31,lo8(.LC5)
 1035 0440 01F4      		mov r10,r31
 1036               		ldi r31,hi8(.LC5)
 1037               		mov r11,r31
 1038 0442 F701      		mov r31,__tmp_reg__
 1039 0444 8081      	.L53:
 1041 0448 2817      	.LM103:
 1042 044a 3907      		movw r30,r6
 1043 044c 01F4      		ld r24,Z
 1044               		sbrc r24,4
 1045               		rjmp .L47
 1046 044e 87E0      		movw r16,r2
 1047 0450 61E0      		mov r24,r9
 1048 0452 0E94 0000 		mov r25,r8
 1049               		movw r28,r24
 1050               	.L48:
 1052 0458 80E0      	.LM104:
 1053 045a 90E0      		ldi r24,lo8(127)
 1054 045c EDB7      		call read_RFM
 1055 045e FEB7      		st Y+,r24
 1057 0462 8183      	.LM105:
 1058 0464 0E94 0000 		cp r28,r12
 1059 0468 0F90      		cpc r29,r13
 1060 046a 0F90      		brne .L48
 1061               		mov r24,r9
 1062               		mov r25,r8
 1063               		movw r30,r24
 1064 046c F801      		movw r18,r4
 1065 046e 8191      	.L49:
 1067 0472 90E0      	.LM106:
 1068 0474 0E94 0000 		ld r24,Z+
 1069               		add r18,r24
 1070               		adc r19,__zero_reg__
 1072 047a 1D07      	.LM107:
 1073 047c 01F4      		cp r30,r14
 1074               		cpc r31,r15
 1075               		brne .L49
 1077 0480 90E0      	.LM108:
 1078 0482 0E94 0000 		movw r30,r14
 1079 0486 C1E1      		ld r24,Z
 1080 0488 D0E0      		ldi r25,lo8(0)
 1081 048a 00C0      		cp r18,r24
 1082               		cpc r19,r25
 1083               		brne .L50
 1085 048c 0E94 0000 	.LM109:
 1086 0490 C0E1      		ldi r24,lo8(7)
 1087 0492 D0E0      		ldi r22,lo8(1)
 1088               		call write_RFM
 1090               	.LM110:
 1091 0494 82E3      		rcall .
 1092 0496 90E0      		ldi r24,lo8(.LC4)
 1093 0498 0E94 0000 		ldi r25,hi8(.LC4)
 1094               		in r30,__SP_L__
 1095               		in r31,__SP_H__
 1096               		std Z+2,r25
 1097 049c 2196      		std Z+1,r24
 1098               		call printf
 1099               		pop __tmp_reg__
 1100 049e 00D0      		pop __tmp_reg__
 1101 04a0 00D0      	.L51:
 1103 04a4 FEB7      	.LM111:
 1104 04a6 3196      		movw r30,r16
 1105 04a8 B182      		ld r24,Z+
 1106 04aa A082      		movw r16,r30
 1107 04ac D383      		ldi r25,lo8(0)
 1108 04ae C283      		call putchar
 538:powerlog.c    **** 
 539:powerlog.c    **** 			chksum = 0;
 540:powerlog.c    **** 			for(i=0; i<16; i++)
 541:powerlog.c    **** 				chksum += RF_RXBUF[i];
 542:powerlog.c    **** 		
 543:powerlog.c    **** 			// If checksum is good, print out what was received into the terminal
 544:powerlog.c    **** 			if(chksum == RF_RXBUF[16])
 545:powerlog.c    **** 			{
 546:powerlog.c    **** 				write_RFM(0x07, 0x01);	// To ready mode
 547:powerlog.c    **** 				printf("Received: ");
 548:powerlog.c    **** 				for(i=0; i<17; i++)
 549:powerlog.c    **** 					printf("%c", RF_RXBUF[i]);	// Print characters if passed the checksum
 550:powerlog.c    **** 				printf("\n");
 551:powerlog.c    **** 				//printf("To Ready mode\n");
 552:powerlog.c    **** 			}
 553:powerlog.c    **** 			// otherwise reset and start listening again
 554:powerlog.c    **** 			else
 555:powerlog.c    **** 			{
 556:powerlog.c    **** 				rx_reset();
 557:powerlog.c    **** 				//printf("Bad checksum RX RESET...Listening again\n");
 558:powerlog.c    **** 			}
 559:powerlog.c    **** 			delay_ms(50);
 560:powerlog.c    **** 		}
 561:powerlog.c    **** 		
 562:powerlog.c    **** 		
 563:powerlog.c    **** 		
 564:powerlog.c    **** 		
 1110               	B10
 1111               	.LM111:
 1112 04b4 0F90      		movw r30,r16
 1113 04b6 0F90      		ld r24,Z+
 1114 04b8 0F90      		movw r16,r30
 1115 04ba 0F90      		ldi r25,lo8(0)
 1116 04bc 88EE      		call putchar
 1118 04c0 0E94 0000 	.LM112:
 1119 04c4 00C0      		cp r16,r28
 1120               		cpc r17,r29
 1121               		brne .L51
 1123               	.LM113:
 1124               		ldi r24,lo8(10)
 1125               		ldi r25,hi8(10)
 1126               		call putchar
 1127               		ldi r28,lo8(17)
 1128               		ldi r29,hi8(17)
 1129               		rjmp .L52
 1130               	.L50:
 1132 0000 0000      	.LM114:
 1133               		call rx_reset
 1134               		ldi r28,lo8(16)
 1135               		ldi r29,hi8(16)
 1136               	.L52:
 1138 0002 0000      	.LM115:
 1139               		ldi r24,lo8(50)
 1140               		ldi r25,hi8(50)
 1141               		call delay_ms
 1142               	.L47:
 1144 0004 00        	.LM116:
 1145               		adiw r28,1
 1147               	.LM117:
 1148               		rcall .
 1149               		rcall .
 1150 0005 00        		in r30,__SP_L__
 1151               		in r31,__SP_H__
 1152               		adiw r30,1
 1153               		std Z+1,r11
 1154               		st Z,r10
 1155 0066 0000 00   		std Z+3,r29
 1156 0069 02        		std Z+2,r28
 1157 006a 0000 0000 		call printf
 1159 0070 0000      	.LM118:
 1160 0072 0000      		pop __tmp_reg__
 1161               		pop __tmp_reg__
 1162               		pop __tmp_reg__
 1163               		pop __tmp_reg__
 1164               		ldi r24,lo8(1000)
 1165               		ldi r25,hi8(1000)
 1166               		call delay_ms
 1167               		rjmp .L53
 1173               	.Lscope10:
 1174               	.global	pulse
 1175               	.global	pulse
 1176               		.section .bss
 1179               	pulse:
 1180               		.skip 2,0
 1181               	.global	power
 1182               	.global	power
DEFINED SYMBOLS
                            *ABS*:00000000 powerlog.c
C:\Users\joakim\AppData\Local\Temp/ccYsxFYW.s:2      *ABS*:0000003f __SREG__
C:\Users\joakim\AppData\Local\Temp/ccYsxFYW.s:3      *ABS*:0000003e __SP_H__
C:\Users\joakim\AppData\Local\Temp/ccYsxFYW.s:4      *ABS*:0000003d __SP_L__
C:\Users\joakim\AppData\Local\Temp/ccYsxFYW.s:5      *ABS*:00000034 __CCP__
C:\Users\joakim\AppData\Local\Temp/ccYsxFYW.s:6      *ABS*:00000000 __tmp_reg__
C:\Users\joakim\AppData\Local\Temp/ccYsxFYW.s:7      *ABS*:00000001 __zero_reg__
C:\Users\joakim\AppData\Local\Temp/ccYsxFYW.s:106    .text:00000000 delay_us
C:\Users\joakim\AppData\Local\Temp/ccYsxFYW.s:341    .text:00000100 delay_ms
C:\Users\joakim\AppData\Local\Temp/ccYsxFYW.s:381    .text:00000122 __vector_3
C:\Users\joakim\AppData\Local\Temp/ccYsxFYW.s:1137   .bss:00000002 power
C:\Users\joakim\AppData\Local\Temp/ccYsxFYW.s:1131   .bss:00000000 pulse
C:\Users\joakim\AppData\Local\Temp/ccYsxFYW.s:484    .text:000001ba __vector_2
C:\Users\joakim\AppData\Local\Temp/ccYsxFYW.s:520    .text:000001d2 __vector_1
C:\Users\joakim\AppData\Local\Temp/ccYsxFYW.s:556    .text:000001ea __vector_7
C:\Users\joakim\AppData\Local\Temp/ccYsxFYW.s:593    .text:00000202 parseMsg
C:\Users\joakim\AppData\Local\Temp/ccYsxFYW.s:631    .text:0000022a __vector_15
C:\Users\joakim\AppData\Local\Temp/ccYsxFYW.s:1143   .bss:00000004 timer_of
C:\Users\joakim\AppData\Local\Temp/ccYsxFYW.s:721    .text:000002aa ioinit
C:\Users\joakim\AppData\Local\Temp/ccYsxFYW.s:1154   .data:00000066 mystdout
C:\Users\joakim\AppData\Local\Temp/ccYsxFYW.s:837    .text:00000314 main
                            *COM*:00000001 msgComplete
                            *COM*:00000001 pos
                            *COM*:00000011 txData
                            *COM*:00000023 RF_RXBUF
C:\Users\joakim\AppData\Local\Temp/ccYsxFYW.s:1149   .bss:00000005 voltage
                            *COM*:0000000a rxCommand
                            *COM*:00000007 rxMsg

UNDEFINED SYMBOLS
__floatunsisf
__mulsf3
__ltsf2
__gtsf2
__divsf3
__fixunssfsi
__divmodsi4
printf
__iob
uart_init
adc_init
init_SPI
write_RFM
read_RFM
init_RFM22
to_rx_mode
puts
putchar
rx_reset
uart_putchar
__do_copy_data
__do_clear_bss
